<html>
<body>
<pre>
<h1>µVision Build Log</h1>
<h2>Tool Versions:</h2>
IDE-Version: ¦ÌVision V5.39.0.0
Copyright (C) 2023 ARM Ltd and ARM Germany GmbH. All rights reserved.
License Information: 1 8852394@qq.com, 11, LIC=LJWP0-B1II3-QIA5M-XLX3X-FK8D6-77BQV
 
Tool Versions:
Toolchain:       MDK-ARM Professional  Version: 5.39.0.0
Toolchain Path:  D:\SoftWare\MDK\ARM\ARMCOMPLIER506\Bin
C Compiler:      Armcc.exe V5.06 update 7 (build 960)
Assembler:       Armasm.exe V5.06 update 7 (build 960)
Linker/Locator:  ArmLink.exe V5.06 update 7 (build 960)
Library Manager: ArmAr.exe V5.06 update 7 (build 960)
Hex Converter:   FromElf.exe V5.06 update 7 (build 960)
CPU DLL:         SARMCM3.DLL V5.39.0.0
Dialog DLL:      DCM.DLL V1.17.5.0
Target DLL:      CMSIS_AGDI.dll V1.33.16.0
Dialog DLL:      TCM.DLL V1.56.4.0
 
<h2>Project:</h2>
D:\¹¤×÷\current\Car_Terminal_8_21\MDK-ARM\Car_Terminal.uvprojx
Project File Date:  08/21/2024

<h2>Output:</h2>
*** Using Compiler 'V5.06 update 7 (build 960)', folder: 'D:\SoftWare\MDK\ARM\ARMCOMPLIER506\Bin'
Build target 'Car_Terminal'
compiling AS608.c...
..\Core\Src\AS608.c(156): warning:  #550-D: variable "temp"  was set but never used
    uint16_t temp;
..\Core\Src\AS608.c(827): warning:  #177-D: variable "flag"  was declared but never referenced
  	uint8_t flag=0;
..\Core\Src\AS608.c(917): warning:  #177-D: variable "speed"  was declared but never referenced
  	uint8_t  speed;
..\Core\Src\AS608.c: 3 warnings, 0 errors
linking...
Program Size: Code=12282 RO-data=450 RW-data=72 ZI-data=2752  
FromELF: creating hex file...
"Car_Terminal\Car_Terminal.axf" - 0 Error(s), 3 Warning(s).

<h2>Software Packages used:</h2>

Package Vendor: ARM
                http://www.keil.com/pack/ARM.CMSIS.5.9.0.pack
                ARM::CMSIS@5.9.0
                CMSIS (Common Microcontroller Software Interface Standard)
   * Component: CORE Version: 5.6.0

Package Vendor: Keil
                https://www.keil.com/pack/Keil.STM32F4xx_DFP.2.17.1.pack
                Keil::STM32F4xx_DFP@2.17.1
                STMicroelectronics STM32F4 Series Device Support, Drivers and Examples

<h2>Collection of Component include folders:</h2>
  ./RTE/_Car_Terminal
  D:/SoftWare/MDK/PACK/ARM/CMSIS/5.9.0/CMSIS/Core/Include
  D:/SoftWare/MDK/PACK/Keil/STM32F4xx_DFP/2.17.1/Drivers/CMSIS/Device/ST/STM32F4xx/Include

<h2>Collection of Component Files used:</h2>

   * Component: ARM::CMSIS:CORE@5.6.0
Build Time Elapsed:  00:00:02
</pre>
</body>
</html>
