<html>
<body>
<pre>
<h1>µVision Build Log</h1>
<h2>Tool Versions:</h2>
IDE-Version: ¦ÌVision V5.39.0.0
Copyright (C) 2023 ARM Ltd and ARM Germany GmbH. All rights reserved.
License Information: 1 8852394@qq.com, 11, LIC=LJWP0-B1II3-QIA5M-XLX3X-FK8D6-77BQV
 
Tool Versions:
Toolchain:       MDK-ARM Professional  Version: 5.39.0.0
Toolchain Path:  D:\SoftWare\MDK\ARM\ARMCOMPLIER506\Bin
C Compiler:      Armcc.exe V5.06 update 7 (build 960)
Assembler:       Armasm.exe V5.06 update 7 (build 960)
Linker/Locator:  ArmLink.exe V5.06 update 7 (build 960)
Library Manager: ArmAr.exe V5.06 update 7 (build 960)
Hex Converter:   FromElf.exe V5.06 update 7 (build 960)
CPU DLL:         SARMCM3.DLL V5.39.0.0
Dialog DLL:      DCM.DLL V1.17.5.0
Target DLL:      CMSIS_AGDI.dll V1.33.16.0
Dialog DLL:      TCM.DLL V1.56.4.0
 
<h2>Project:</h2>
D:\Document\CubemaxProject\Car_Terminal\MDK-ARM\Car_Terminal.uvprojx
Project File Date:  07/08/2024

<h2>Output:</h2>
*** Using Compiler 'V5.06 update 7 (build 960)', folder: 'D:\SoftWare\MDK\ARM\ARMCOMPLIER506\Bin'
Build target 'Car_Terminal'
compiling main.c...
../Core/Src/main.c(196): warning:  #167-D: argument of type "char *" is incompatible with parameter of type "uint8_t *"
  		HAL_UART_Receive(&huart6,buf_recv,sizeof(buf_recv),10);
../Core/Src/main.c(208): warning:  #167-D: argument of type "char *" is incompatible with parameter of type "const uint8_t *"
  					HAL_UART_Transmit(&huart1,str1,strlen(str1),100);
../Core/Src/main.c(323): warning:  #1035-D: single-precision operand implicitly converted to double-precision
  		uint8_t bac=(uint8_t)(0.21*alcoholPpm);//
../Core/Src/main.c(190): warning:  #177-D: variable "data"  was declared but never referenced
  		char data[64]="";
../Core/Src/main.c: 4 warnings, 0 errors
linking...
Program Size: Code=13594 RO-data=722 RW-data=52 ZI-data=2540  
FromELF: creating hex file...
"Car_Terminal\Car_Terminal.axf" - 0 Error(s), 4 Warning(s).

<h2>Software Packages used:</h2>

Package Vendor: ARM
                http://www.keil.com/pack/ARM.CMSIS.5.9.0.pack
                ARM::CMSIS@5.9.0
                CMSIS (Common Microcontroller Software Interface Standard)
   * Component: CORE Version: 5.6.0

Package Vendor: Keil
                https://www.keil.com/pack/Keil.STM32F4xx_DFP.2.17.1.pack
                Keil::STM32F4xx_DFP@2.17.1
                STMicroelectronics STM32F4 Series Device Support, Drivers and Examples

<h2>Collection of Component include folders:</h2>
  ./RTE/_Car_Terminal
  D:/SoftWare/MDK/PACK/ARM/CMSIS/5.9.0/CMSIS/Core/Include
  D:/SoftWare/MDK/PACK/Keil/STM32F4xx_DFP/2.17.1/Drivers/CMSIS/Device/ST/STM32F4xx/Include

<h2>Collection of Component Files used:</h2>

   * Component: ARM::CMSIS:CORE@5.6.0
Build Time Elapsed:  00:00:02
</pre>
</body>
</html>
