<html>
<body>
<pre>
<h1>µVision Build Log</h1>
<h2>Tool Versions:</h2>
IDE-Version: ¦ÌVision V5.39.0.0
Copyright (C) 2023 ARM Ltd and ARM Germany GmbH. All rights reserved.
License Information: 1 8852394@qq.com, 11, LIC=LJWP0-B1II3-QIA5M-XLX3X-FK8D6-77BQV
 
Tool Versions:
Toolchain:       MDK-ARM Professional  Version: 5.39.0.0
Toolchain Path:  D:\SoftWare\MDK\ARM\ARMCOMPLIER506\Bin
C Compiler:      Armcc.exe V5.06 update 7 (build 960)
Assembler:       Armasm.exe V5.06 update 7 (build 960)
Linker/Locator:  ArmLink.exe V5.06 update 7 (build 960)
Library Manager: ArmAr.exe V5.06 update 7 (build 960)
Hex Converter:   FromElf.exe V5.06 update 7 (build 960)
CPU DLL:         SARMCM3.DLL V5.39.0.0
Dialog DLL:      DCM.DLL V1.17.5.0
Target DLL:      CMSIS_AGDI.dll V1.33.16.0
Dialog DLL:      TCM.DLL V1.56.4.0
 
<h2>Project:</h2>
D:\Document\CubemaxProject\Car_Terminal\MDK-ARM\Car_Terminal.uvprojx
Project File Date:  07/11/2024

<h2>Output:</h2>
*** Using Compiler 'V5.06 update 7 (build 960)', folder: 'D:\SoftWare\MDK\ARM\ARMCOMPLIER506\Bin'
Build target 'Car_Terminal'
compiling TX510.c...
../Core/Inc/TX510.h(41): warning:  #1-D: last line of file ends without a newline
  #endif
../Core/Inc/AS608.h(12): warning:  #47-D: incompatible redefinition of macro "USART2_MAX_RECV_LEN"  (declared at line 6 of "../Core/Inc/TX510.h")
  #define USART2_MAX_RECV_LEN		400					//??€????????????????????????
../Core/Inc/AS608.h(13): warning:  #47-D: incompatible redefinition of macro "USART2_MAX_SEND_LEN"  (declared at line 7 of "../Core/Inc/TX510.h")
  #define USART2_MAX_SEND_LEN		400					//??€???????€????????????????
..\Core\Src\TX510.c(53): warning:  #177-D: variable "id_str"  was declared but never referenced
  	char *id_str;
..\Core\Src\TX510.c(145): warning:  #550-D: variable "temp"  was set but never used
  	uint8_t temp=0;
..\Core\Src\TX510.c(385): warning:  #1-D: last line of file ends without a newline
  }
..\Core\Src\TX510.c(29): warning:  #177-D: function "SendCmd"  was declared but never referenced
  static void SendCmd(uint8_t cmd)
..\Core\Src\TX510.c: 7 warnings, 0 errors
linking...
Program Size: Code=14366 RO-data=722 RW-data=52 ZI-data=2540  
FromELF: creating hex file...
"Car_Terminal\Car_Terminal.axf" - 0 Error(s), 7 Warning(s).

<h2>Software Packages used:</h2>

Package Vendor: ARM
                http://www.keil.com/pack/ARM.CMSIS.5.9.0.pack
                ARM::CMSIS@5.9.0
                CMSIS (Common Microcontroller Software Interface Standard)
   * Component: CORE Version: 5.6.0

Package Vendor: Keil
                https://www.keil.com/pack/Keil.STM32F4xx_DFP.2.17.1.pack
                Keil::STM32F4xx_DFP@2.17.1
                STMicroelectronics STM32F4 Series Device Support, Drivers and Examples

<h2>Collection of Component include folders:</h2>
  ./RTE/_Car_Terminal
  D:/SoftWare/MDK/PACK/ARM/CMSIS/5.9.0/CMSIS/Core/Include
  D:/SoftWare/MDK/PACK/Keil/STM32F4xx_DFP/2.17.1/Drivers/CMSIS/Device/ST/STM32F4xx/Include

<h2>Collection of Component Files used:</h2>

   * Component: ARM::CMSIS:CORE@5.6.0
Build Time Elapsed:  00:00:01
</pre>
</body>
</html>
