Component: ARM Compiler 5.06 update 7 (build 960) Tool: armlink [4d3601]

==============================================================================

Section Cross References

    startup_stm32f407xx.o(STACK) refers (Special) to heapauxi.o(.text) for __use_two_region_memory
    startup_stm32f407xx.o(HEAP) refers (Special) to heapauxi.o(.text) for __use_two_region_memory
    startup_stm32f407xx.o(RESET) refers (Special) to heapauxi.o(.text) for __use_two_region_memory
    startup_stm32f407xx.o(RESET) refers to startup_stm32f407xx.o(STACK) for __initial_sp
    startup_stm32f407xx.o(RESET) refers to startup_stm32f407xx.o(.text) for Reset_Handler
    startup_stm32f407xx.o(RESET) refers to stm32f4xx_it.o(i.NMI_Handler) for NMI_Handler
    startup_stm32f407xx.o(RESET) refers to stm32f4xx_it.o(i.HardFault_Handler) for HardFault_Handler
    startup_stm32f407xx.o(RESET) refers to stm32f4xx_it.o(i.MemManage_Handler) for MemManage_Handler
    startup_stm32f407xx.o(RESET) refers to stm32f4xx_it.o(i.BusFault_Handler) for BusFault_Handler
    startup_stm32f407xx.o(RESET) refers to stm32f4xx_it.o(i.UsageFault_Handler) for UsageFault_Handler
    startup_stm32f407xx.o(RESET) refers to stm32f4xx_it.o(i.SVC_Handler) for SVC_Handler
    startup_stm32f407xx.o(RESET) refers to stm32f4xx_it.o(i.DebugMon_Handler) for DebugMon_Handler
    startup_stm32f407xx.o(RESET) refers to stm32f4xx_it.o(i.PendSV_Handler) for PendSV_Handler
    startup_stm32f407xx.o(RESET) refers to stm32f4xx_it.o(i.SysTick_Handler) for SysTick_Handler
    startup_stm32f407xx.o(RESET) refers to stm32f4xx_it.o(i.RCC_IRQHandler) for RCC_IRQHandler
    startup_stm32f407xx.o(RESET) refers to stm32f4xx_it.o(i.EXTI9_5_IRQHandler) for EXTI9_5_IRQHandler
    startup_stm32f407xx.o(RESET) refers to stm32f4xx_it.o(i.TIM2_IRQHandler) for TIM2_IRQHandler
    startup_stm32f407xx.o(.text) refers (Special) to heapauxi.o(.text) for __use_two_region_memory
    startup_stm32f407xx.o(.text) refers to system_stm32f4xx.o(i.SystemInit) for SystemInit
    startup_stm32f407xx.o(.text) refers to __main.o(!!!main) for __main
    startup_stm32f407xx.o(.text) refers to startup_stm32f407xx.o(HEAP) for Heap_Mem
    startup_stm32f407xx.o(.text) refers to startup_stm32f407xx.o(STACK) for Stack_Mem
    mycallbackfunc.o(i.Car_Status) refers to stm32f4xx_hal_gpio.o(i.HAL_GPIO_WritePin) for HAL_GPIO_WritePin
    mycallbackfunc.o(i.HAL_GPIO_EXTI_Callback) refers to stm32f4xx_hal_cortex.o(i.HAL_NVIC_DisableIRQ) for HAL_NVIC_DisableIRQ
    mycallbackfunc.o(i.HAL_GPIO_EXTI_Callback) refers to stm32f4xx_hal_tim.o(i.HAL_TIM_Base_Stop_IT) for HAL_TIM_Base_Stop_IT
    mycallbackfunc.o(i.HAL_GPIO_EXTI_Callback) refers to as608.o(i.press_FR) for press_FR
    mycallbackfunc.o(i.HAL_GPIO_EXTI_Callback) refers to stm32f4xx_hal_uart.o(i.HAL_UART_Transmit) for HAL_UART_Transmit
    mycallbackfunc.o(i.HAL_GPIO_EXTI_Callback) refers to stm32f4xx_hal_cortex.o(i.HAL_NVIC_EnableIRQ) for HAL_NVIC_EnableIRQ
    mycallbackfunc.o(i.HAL_GPIO_EXTI_Callback) refers to stm32f4xx_hal_tim.o(i.HAL_TIM_Base_Start_IT) for HAL_TIM_Base_Start_IT
    mycallbackfunc.o(i.HAL_GPIO_EXTI_Callback) refers to mycallbackfunc.o(.data) for .data
    mycallbackfunc.o(i.HAL_GPIO_EXTI_Callback) refers to tim.o(.bss) for htim2
    mycallbackfunc.o(i.HAL_GPIO_EXTI_Callback) refers to usart.o(.bss) for huart1
    mycallbackfunc.o(i.HAL_TIM_PeriodElapsedCallback) refers to stm32f4xx_hal_cortex.o(i.HAL_NVIC_DisableIRQ) for HAL_NVIC_DisableIRQ
    mycallbackfunc.o(i.HAL_TIM_PeriodElapsedCallback) refers to stm32f4xx_hal_tim.o(i.HAL_TIM_Base_Stop_IT) for HAL_TIM_Base_Stop_IT
    mycallbackfunc.o(i.HAL_TIM_PeriodElapsedCallback) refers to stm32f4xx_hal_cortex.o(i.HAL_NVIC_EnableIRQ) for HAL_NVIC_EnableIRQ
    mycallbackfunc.o(i.HAL_TIM_PeriodElapsedCallback) refers to tim.o(.bss) for htim2
    mycallbackfunc.o(i.HAL_TIM_PeriodElapsedCallback) refers to mycallbackfunc.o(.data) for .data
    mycallbackfunc.o(i.HAL_TIM_PeriodElapsedCallback) refers to main.o(.data) for Drink_switches
    as608.o(i.Add_FR) refers to stm32f4xx_hal_uart.o(i.HAL_UART_Transmit) for HAL_UART_Transmit
    as608.o(i.Add_FR) refers to as608.o(i.PS_GetImage) for PS_GetImage
    as608.o(i.Add_FR) refers to as608.o(i.PS_GenChar) for PS_GenChar
    as608.o(i.Add_FR) refers to stm32f4xx_hal.o(i.HAL_Delay) for HAL_Delay
    as608.o(i.Add_FR) refers to as608.o(i.ShowErrMessage) for ShowErrMessage
    as608.o(i.Add_FR) refers to as608.o(i.PS_Match) for PS_Match
    as608.o(i.Add_FR) refers to as608.o(i.PS_RegModel) for PS_RegModel
    as608.o(i.Add_FR) refers to as608.o(i.PS_ValidTempleteNum) for PS_ValidTempleteNum
    as608.o(i.Add_FR) refers to as608.o(i.PS_StoreChar) for PS_StoreChar
    as608.o(i.Add_FR) refers to usart.o(.bss) for huart1
    as608.o(i.Add_FR) refers to as608.o(.data) for .data
    as608.o(i.Del_FR) refers to as608.o(i.PS_DeletChar) for PS_DeletChar
    as608.o(i.Del_FR) refers to stm32f4xx_hal_uart.o(i.HAL_UART_Transmit) for HAL_UART_Transmit
[...]
    .ARM.Collect$$libinit$$00000021          0x0800021e   Section        0  libinit2.o(.ARM.Collect$$libinit$$00000021)
    .ARM.Collect$$libinit$$00000023          0x0800021e   Section        0  libinit2.o(.ARM.Collect$$libinit$$00000023)
    .ARM.Collect$$libinit$$00000025          0x0800021e   Section        0  libinit2.o(.ARM.Collect$$libinit$$00000025)
    .ARM.Collect$$libinit$$0000002C          0x0800021e   Section        0  libinit2.o(.ARM.Collect$$libinit$$0000002C)
    .ARM.Collect$$libinit$$0000002E          0x0800021e   Section        0  libinit2.o(.ARM.Collect$$libinit$$0000002E)
    .ARM.Collect$$libinit$$00000030          0x0800021e   Section        0  libinit2.o(.ARM.Collect$$libinit$$00000030)
    .ARM.Collect$$libinit$$00000032          0x0800021e   Section        0  libinit2.o(.ARM.Collect$$libinit$$00000032)
    .ARM.Collect$$libinit$$00000033          0x0800021e   Section        2  libinit2.o(.ARM.Collect$$libinit$$00000033)
    .ARM.Collect$$libshutdown$$00000000      0x08000220   Section        2  libshutdown.o(.ARM.Collect$$libshutdown$$00000000)
    .ARM.Collect$$libshutdown$$00000002      0x08000222   Section        0  libshutdown2.o(.ARM.Collect$$libshutdown$$00000002)
    .ARM.Collect$$libshutdown$$00000004      0x08000222   Section        0  libshutdown2.o(.ARM.Collect$$libshutdown$$00000004)
    .ARM.Collect$$libshutdown$$00000006      0x08000222   Section        0  libshutdown2.o(.ARM.Collect$$libshutdown$$00000006)
    .ARM.Collect$$libshutdown$$00000009      0x08000222   Section        0  libshutdown2.o(.ARM.Collect$$libshutdown$$00000009)
    .ARM.Collect$$libshutdown$$0000000C      0x08000222   Section        0  libshutdown2.o(.ARM.Collect$$libshutdown$$0000000C)
    .ARM.Collect$$libshutdown$$0000000E      0x08000222   Section        0  libshutdown2.o(.ARM.Collect$$libshutdown$$0000000E)
    .ARM.Collect$$libshutdown$$00000011      0x08000222   Section        0  libshutdown2.o(.ARM.Collect$$libshutdown$$00000011)
    .ARM.Collect$$libshutdown$$00000012      0x08000222   Section        2  libshutdown2.o(.ARM.Collect$$libshutdown$$00000012)
    .ARM.Collect$$rtentry$$00000000          0x08000224   Section        0  __rtentry.o(.ARM.Collect$$rtentry$$00000000)
    .ARM.Collect$$rtentry$$00000002          0x08000224   Section        0  __rtentry2.o(.ARM.Collect$$rtentry$$00000002)
    .ARM.Collect$$rtentry$$00000004          0x08000224   Section        6  __rtentry4.o(.ARM.Collect$$rtentry$$00000004)
    .ARM.Collect$$rtentry$$00000009          0x0800022a   Section        0  __rtentry2.o(.ARM.Collect$$rtentry$$00000009)
    .ARM.Collect$$rtentry$$0000000A          0x0800022a   Section        4  __rtentry2.o(.ARM.Collect$$rtentry$$0000000A)
    .ARM.Collect$$rtentry$$0000000C          0x0800022e   Section        0  __rtentry2.o(.ARM.Collect$$rtentry$$0000000C)
    .ARM.Collect$$rtentry$$0000000D          0x0800022e   Section        8  __rtentry2.o(.ARM.Collect$$rtentry$$0000000D)
    .ARM.Collect$$rtexit$$00000000           0x08000236   Section        2  rtexit.o(.ARM.Collect$$rtexit$$00000000)
    .ARM.Collect$$rtexit$$00000002           0x08000238   Section        0  rtexit2.o(.ARM.Collect$$rtexit$$00000002)
    .ARM.Collect$$rtexit$$00000003           0x08000238   Section        4  rtexit2.o(.ARM.Collect$$rtexit$$00000003)
    .ARM.Collect$$rtexit$$00000004           0x0800023c   Section        6  rtexit2.o(.ARM.Collect$$rtexit$$00000004)
    .text                                    0x08000244   Section       64  startup_stm32f407xx.o(.text)
    $v0                                      0x08000244   Number         0  startup_stm32f407xx.o(.text)
    .text                                    0x08000284   Section      238  lludivv7m.o(.text)
    .text                                    0x08000374   Section        0  __2sprintf.o(.text)
    .text                                    0x080003a0   Section        0  __printf.o(.text)
    .text                                    0x08000408   Section        0  _printf_dec.o(.text)
    .text                                    0x08000480   Section        0  __0sscanf.o(.text)
    .text                                    0x080004bc   Section        0  _scanf_int.o(.text)
    .text                                    0x08000608   Section        0  strtok.o(.text)
    .text                                    0x08000614   Section        0  strstr.o(.text)
    .text                                    0x08000638   Section        0  memcmp.o(.text)
    .text                                    0x08000690   Section        0  strlen.o(.text)
    .text                                    0x080006ce   Section      138  rt_memcpy_v6.o(.text)
    .text                                    0x08000758   Section       78  rt_memclr_w.o(.text)
    .text                                    0x080007a6   Section        0  heapauxi.o(.text)
    .text                                    0x080007ac   Section        0  _printf_intcommon.o(.text)
    .text                                    0x08000860   Section        0  _printf_char_common.o(.text)
    _printf_input_char                       0x08000861   Thumb Code    10  _printf_char_common.o(.text)
    .text                                    0x08000890   Section        0  _sputc.o(.text)
    .text                                    0x0800089a   Section        0  _chval.o(.text)
    .text                                    0x080008b8   Section        0  scanf_char.o(.text)
    _scanf_char_input                        0x080008b9   Thumb Code    12  scanf_char.o(.text)
    .text                                    0x080008e4   Section        0  _sgetc.o(.text)
    .text                                    0x08000924   Section        0  strtok_int.o(.text)
    .text                                    0x08000968   Section      100  rt_memcpy_w.o(.text)
    .text                                    0x080009cc   Section        0  isspace.o(.text)
    .text                                    0x080009e0   Section        0  _scanf.o(.text)
    .text                                    0x08000d54   Section        0  strcspn.o(.text)
    .text                                    0x08000d74   Section        0  strspn.o(.text)
    .text                                    0x08000d90   Section       74  sys_stackheap_outer.o(.text)
    .text                                    0x08000ddc   Section       16  rt_ctype_table.o(.text)
    .text                                    0x08000dec   Section        0  exit.o(.text)
    .text                                    0x08000e00   Section        8  libspace.o(.text)
    .text                                    0x08000e08   Section        8  rt_locale_intlibspace.o(.text)
    .text                                    0x08000e10   Section        0  sys_exit.o(.text)
    .text                                    0x08000e1c   Section      128  strcmpv7m.o(.text)
    .text                                    0x08000e9c   Section        2  use_no_semi.o(.text)
    .text                                    0x08000e9e   Section        0  indicate_semi.o(.text)
    i.ADC_Init                               0x08000ea0   Section        0  stm32f4xx_hal_adc.o(i.ADC_Init)
    ADC_Init                                 0x08000ea1   Thumb Code   284  stm32f4xx_hal_adc.o(i.ADC_Init)
    i.BusFault_Handler                       0x08000fc8   Section        0  stm32f4xx_it.o(i.BusFault_Handler)
    i.Car_Status                             0x08000fcc   Section        0  mycallbackfunc.o(i.Car_Status)
    i.DebugMon_Handler                       0x08000fe4   Section        0  stm32f4xx_it.o(i.DebugMon_Handler)
    i.EXTI9_5_IRQHandler                     0x08000fe6   Section        0  stm32f4xx_it.o(i.EXTI9_5_IRQHandler)
    i.Error_Handler                          0x08000ff8   Section        0  main.o(i.Error_Handler)
    i.HAL_ADC_ConfigChannel                  0x08000ffc   Section        0  stm32f4xx_hal_adc.o(i.HAL_ADC_ConfigChannel)
    i.HAL_ADC_GetValue                       0x08001148   Section        0  stm32f4xx_hal_adc.o(i.HAL_ADC_GetValue)
    i.HAL_ADC_Init                           0x0800114e   Section        0  stm32f4xx_hal_adc.o(i.HAL_ADC_Init)
    i.HAL_ADC_MspInit                        0x080011a4   Section        0  adc.o(i.HAL_ADC_MspInit)
    i.HAL_ADC_PollForConversion              0x08001204   Section        0  stm32f4xx_hal_adc.o(i.HAL_ADC_PollForConversion)
    i.HAL_ADC_Start_IT                       0x080012b0   Section        0  stm32f4xx_hal_adc.o(i.HAL_ADC_Start_IT)
    i.HAL_ADC_Stop_IT                        0x080013bc   Section        0  stm32f4xx_hal_adc.o(i.HAL_ADC_Stop_IT)
    i.HAL_GPIO_EXTI_Callback                 0x08001404   Section        0  mycallbackfunc.o(i.HAL_GPIO_EXTI_Callback)
    i.HAL_GPIO_EXTI_IRQHandler               0x080014c4   Section        0  stm32f4xx_hal_gpio.o(i.HAL_GPIO_EXTI_IRQHandler)
    i.HAL_GPIO_Init                          0x080014dc   Section        0  stm32f4xx_hal_gpio.o(i.HAL_GPIO_Init)
    i.HAL_GPIO_WritePin                      0x080016cc   Section        0  stm32f4xx_hal_gpio.o(i.HAL_GPIO_WritePin)
    i.HAL_GetTick                            0x080016d8   Section        0  stm32f4xx_hal.o(i.HAL_GetTick)
    i.HAL_IncTick                            0x080016e4   Section        0  stm32f4xx_hal.o(i.HAL_IncTick)
    i.HAL_Init                               0x080016f4   Section        0  stm32f4xx_hal.o(i.HAL_Init)
    i.HAL_InitTick                           0x08001728   Section        0  stm32f4xx_hal.o(i.HAL_InitTick)
    i.HAL_MspInit                            0x08001768   Section        0  stm32f4xx_hal_msp.o(i.HAL_MspInit)
    i.HAL_NVIC_DisableIRQ                    0x080017a8   Section        0  stm32f4xx_hal_cortex.o(i.HAL_NVIC_DisableIRQ)
    i.HAL_NVIC_EnableIRQ                     0x080017ca   Section        0  stm32f4xx_hal_cortex.o(i.HAL_NVIC_EnableIRQ)
    i.HAL_NVIC_SetPriority                   0x080017e4   Section        0  stm32f4xx_hal_cortex.o(i.HAL_NVIC_SetPriority)
    i.HAL_NVIC_SetPriorityGrouping           0x08001824   Section        0  stm32f4xx_hal_cortex.o(i.HAL_NVIC_SetPriorityGrouping)
    i.HAL_RCC_ClockConfig                    0x08001848   Section        0  stm32f4xx_hal_rcc.o(i.HAL_RCC_ClockConfig)
    i.HAL_RCC_GetPCLK1Freq                   0x0800197c   Section        0  stm32f4xx_hal_rcc.o(i.HAL_RCC_GetPCLK1Freq)
    i.HAL_RCC_GetPCLK2Freq                   0x0800199c   Section        0  stm32f4xx_hal_rcc.o(i.HAL_RCC_GetPCLK2Freq)
    i.HAL_RCC_GetSysClockFreq                0x080019bc   Section        0  stm32f4xx_hal_rcc.o(i.HAL_RCC_GetSysClockFreq)
    i.HAL_RCC_OscConfig                      0x08001a20   Section        0  stm32f4xx_hal_rcc.o(i.HAL_RCC_OscConfig)
    i.HAL_SYSTICK_Config                     0x08001d8c   Section        0  stm32f4xx_hal_cortex.o(i.HAL_SYSTICK_Config)
    i.HAL_TIMEx_BreakCallback                0x08001db4   Section        0  stm32f4xx_hal_tim_ex.o(i.HAL_TIMEx_BreakCallback)
    i.HAL_TIMEx_CommutCallback               0x08001db6   Section        0  stm32f4xx_hal_tim_ex.o(i.HAL_TIMEx_CommutCallback)
    i.HAL_TIMEx_MasterConfigSynchronization  0x08001db8   Section        0  stm32f4xx_hal_tim_ex.o(i.HAL_TIMEx_MasterConfigSynchronization)
    i.HAL_TIM_Base_Init                      0x08001e48   Section        0  stm32f4xx_hal_tim.o(i.HAL_TIM_Base_Init)
    i.HAL_TIM_Base_MspInit                   0x08001ea4   Section        0  tim.o(i.HAL_TIM_Base_MspInit)
    i.HAL_TIM_Base_Start_IT                  0x08001edc   Section        0  stm32f4xx_hal_tim.o(i.HAL_TIM_Base_Start_IT)
    i.HAL_TIM_Base_Stop_IT                   0x08001f5c   Section        0  stm32f4xx_hal_tim.o(i.HAL_TIM_Base_Stop_IT)
    i.HAL_TIM_ConfigClockSource              0x08001f8c   Section        0  stm32f4xx_hal_tim.o(i.HAL_TIM_ConfigClockSource)
    i.HAL_TIM_IC_CaptureCallback             0x08002068   Section        0  stm32f4xx_hal_tim.o(i.HAL_TIM_IC_CaptureCallback)
    i.HAL_TIM_IRQHandler                     0x0800206a   Section        0  stm32f4xx_hal_tim.o(i.HAL_TIM_IRQHandler)
    i.HAL_TIM_OC_DelayElapsedCallback        0x0800219a   Section        0  stm32f4xx_hal_tim.o(i.HAL_TIM_OC_DelayElapsedCallback)
    i.HAL_TIM_PWM_PulseFinishedCallback      0x0800219c   Section        0  stm32f4xx_hal_tim.o(i.HAL_TIM_PWM_PulseFinishedCallback)
    i.HAL_TIM_PeriodElapsedCallback          0x080021a0   Section        0  mycallbackfunc.o(i.HAL_TIM_PeriodElapsedCallback)
    i.HAL_TIM_TriggerCallback                0x08002238   Section        0  stm32f4xx_hal_tim.o(i.HAL_TIM_TriggerCallback)
    i.HAL_UART_Init                          0x0800223a   Section        0  stm32f4xx_hal_uart.o(i.HAL_UART_Init)
    i.HAL_UART_MspInit                       0x080022a0   Section        0  usart.o(i.HAL_UART_MspInit)
    i.HAL_UART_Receive                       0x08002430   Section        0  stm32f4xx_hal_uart.o(i.HAL_UART_Receive)
    i.HAL_UART_Transmit                      0x080024e0   Section        0  stm32f4xx_hal_uart.o(i.HAL_UART_Transmit)
    i.HardFault_Handler                      0x08002580   Section        0  stm32f4xx_it.o(i.HardFault_Handler)
    i.JudgeStr                               0x08002584   Section        0  as608.o(i.JudgeStr)
    JudgeStr                                 0x08002585   Thumb Code    94  as608.o(i.JudgeStr)
    i.MX_ADC1_Init                           0x080025f0   Section        0  adc.o(i.MX_ADC1_Init)
    i.MX_GPIO_Init                           0x08002654   Section        0  gpio.o(i.MX_GPIO_Init)
    i.MX_TIM2_Init                           0x08002720   Section        0  tim.o(i.MX_TIM2_Init)
    i.MX_UART5_Init                          0x08002790   Section        0  usart.o(i.MX_UART5_Init)
    i.MX_USART1_UART_Init                    0x080027c8   Section        0  usart.o(i.MX_USART1_UART_Init)
    i.MX_USART2_UART_Init                    0x08002800   Section        0  usart.o(i.MX_USART2_UART_Init)
    i.MX_USART3_UART_Init                    0x08002838   Section        0  usart.o(i.MX_USART3_UART_Init)
    i.MX_USART6_UART_Init                    0x08002870   Section        0  usart.o(i.MX_USART6_UART_Init)
    i.MYUSART_SendData                       0x080028a8   Section        0  as608.o(i.MYUSART_SendData)
    MYUSART_SendData                         0x080028a9   Thumb Code    16  as608.o(i.MYUSART_SendData)
    i.MemManage_Handler                      0x080028bc   Section        0  stm32f4xx_it.o(i.MemManage_Handler)
    i.NMI_Handler                            0x080028be   Section        0  stm32f4xx_it.o(i.NMI_Handler)
    i.PS_GenChar                             0x080028c0   Section        0  as608.o(i.PS_GenChar)
    i.PS_GetImage                            0x080028fc   Section        0  as608.o(i.PS_GetImage)
    i.PS_HighSpeedSearch                     0x08002930   Section        0  as608.o(i.PS_HighSpeedSearch)
    i.PendSV_Handler                         0x080029b4   Section        0  stm32f4xx_it.o(i.PendSV_Handler)
    i.RCC_IRQHandler                         0x080029b6   Section        0  stm32f4xx_it.o(i.RCC_IRQHandler)
    i.SVC_Handler                            0x080029b8   Section        0  stm32f4xx_it.o(i.SVC_Handler)
    i.SYN_FrameInfo                          0x080029bc   Section        0  syn6288.o(i.SYN_FrameInfo)
    i.SendAddr                               0x08002a34   Section        0  as608.o(i.SendAddr)
    SendAddr                                 0x08002a35   Thumb Code    42  as608.o(i.SendAddr)
    i.SendCheck                              0x08002a64   Section        0  as608.o(i.SendCheck)
    SendCheck                                0x08002a65   Thumb Code    20  as608.o(i.SendCheck)
    i.SendHead                               0x08002a78   Section        0  as608.o(i.SendHead)
    SendHead                                 0x08002a79   Thumb Code    18  as608.o(i.SendHead)
    i.SendLength                             0x08002a8a   Section        0  as608.o(i.SendLength)
    SendLength                               0x08002a8b   Thumb Code    22  as608.o(i.SendLength)
    i.SysTick_Handler                        0x08002aa0   Section        0  stm32f4xx_it.o(i.SysTick_Handler)
    i.SystemClock_Config                     0x08002aa4   Section        0  main.o(i.SystemClock_Config)
    i.SystemInit                             0x08002b38   Section        0  system_stm32f4xx.o(i.SystemInit)
    i.TIM2_IRQHandler                        0x08002b48   Section        0  stm32f4xx_it.o(i.TIM2_IRQHandler)
    i.TIM_Base_SetConfig                     0x08002b54   Section        0  stm32f4xx_hal_tim.o(i.TIM_Base_SetConfig)
    i.TIM_ETR_SetConfig                      0x08002c2c   Section        0  stm32f4xx_hal_tim.o(i.TIM_ETR_SetConfig)
    i.TIM_ITRx_SetConfig                     0x08002c40   Section        0  stm32f4xx_hal_tim.o(i.TIM_ITRx_SetConfig)
    TIM_ITRx_SetConfig                       0x08002c41   Thumb Code    16  stm32f4xx_hal_tim.o(i.TIM_ITRx_SetConfig)
    i.TIM_TI1_ConfigInputStage               0x08002c50   Section        0  stm32f4xx_hal_tim.o(i.TIM_TI1_ConfigInputStage)
    TIM_TI1_ConfigInputStage                 0x08002c51   Thumb Code    34  stm32f4xx_hal_tim.o(i.TIM_TI1_ConfigInputStage)
    i.TIM_TI2_ConfigInputStage               0x08002c72   Section        0  stm32f4xx_hal_tim.o(i.TIM_TI2_ConfigInputStage)
    TIM_TI2_ConfigInputStage                 0x08002c73   Thumb Code    36  stm32f4xx_hal_tim.o(i.TIM_TI2_ConfigInputStage)
    i.UART_EndRxTransfer                     0x08002c96   Section        0  stm32f4xx_hal_uart.o(i.UART_EndRxTransfer)
    UART_EndRxTransfer                       0x08002c97   Thumb Code    78  stm32f4xx_hal_uart.o(i.UART_EndRxTransfer)
    i.UART_SetConfig                         0x08002ce4   Section        0  stm32f4xx_hal_uart.o(i.UART_SetConfig)
    UART_SetConfig                           0x08002ce5   Thumb Code   258  stm32f4xx_hal_uart.o(i.UART_SetConfig)
    i.UART_WaitOnFlagUntilTimeout            0x08002df0   Section        0  stm32f4xx_hal_uart.o(i.UART_WaitOnFlagUntilTimeout)
    UART_WaitOnFlagUntilTimeout              0x08002df1   Thumb Code   114  stm32f4xx_hal_uart.o(i.UART_WaitOnFlagUntilTimeout)
    i.UsageFault_Handler                     0x08002e62   Section        0  stm32f4xx_it.o(i.UsageFault_Handler)
    i.__NVIC_SetPriority                     0x08002e64   Section        0  stm32f4xx_hal_cortex.o(i.__NVIC_SetPriority)
    __NVIC_SetPriority                       0x08002e65   Thumb Code    32  stm32f4xx_hal_cortex.o(i.__NVIC_SetPriority)
    i.main                                   0x08002e84   Section        0  main.o(i.main)
    i.press_FR                               0x08003328   Section        0  as608.o(i.press_FR)
    i.remove_newline                         0x08003424   Section        0  mycallbackfunc.o(i.remove_newline)
    locale$$code                             0x08003444   Section       44  lc_ctype_c.o(locale$$code)
    x$fpl$d2f                                0x08003470   Section       98  d2f.o(x$fpl$d2f)
    $v0                                      0x08003470   Number         0  d2f.o(x$fpl$d2f)
    x$fpl$ddiv                               0x080034d4   Section      688  ddiv.o(x$fpl$ddiv)
    $v0                                      0x080034d4   Number         0  ddiv.o(x$fpl$ddiv)
    ddiv_entry                               0x080034db   Thumb Code     0  ddiv.o(x$fpl$ddiv)
    x$fpl$dfixu                              0x08003784   Section       90  dfixu.o(x$fpl$dfixu)
    $v0                                      0x08003784   Number         0  dfixu.o(x$fpl$dfixu)
    x$fpl$dfltu                              0x080037de   Section       38  dflt_clz.o(x$fpl$dfltu)
    $v0                                      0x080037de   Number         0  dflt_clz.o(x$fpl$dfltu)
    x$fpl$dmul                               0x08003804   Section      340  dmul.o(x$fpl$dmul)
    $v0                                      0x08003804   Number         0  dmul.o(x$fpl$dmul)
    x$fpl$dnaninf                            0x08003958   Section      156  dnaninf.o(x$fpl$dnaninf)
    $v0                                      0x08003958   Number         0  dnaninf.o(x$fpl$dnaninf)
    x$fpl$dretinf                            0x080039f4   Section       12  dretinf.o(x$fpl$dretinf)
    $v0                                      0x080039f4   Number         0  dretinf.o(x$fpl$dretinf)
    x$fpl$f2d                                0x08003a00   Section       86  f2d.o(x$fpl$f2d)
    $v0                                      0x08003a00   Number         0  f2d.o(x$fpl$f2d)
    x$fpl$fnaninf                            0x08003a56   Section      140  fnaninf.o(x$fpl$fnaninf)
    $v0                                      0x08003a56   Number         0  fnaninf.o(x$fpl$fnaninf)
    x$fpl$fpinit                             0x08003ae2   Section       10  fpinit.o(x$fpl$fpinit)
    $v0                                      0x08003ae2   Number         0  fpinit.o(x$fpl$fpinit)
    x$fpl$fretinf                            0x08003aec   Section       10  fretinf.o(x$fpl$fretinf)
    $v0                                      0x08003aec   Number         0  fretinf.o(x$fpl$fretinf)
    .constdata                               0x08003af6   Section       16  system_stm32f4xx.o(.constdata)
    x$fpl$usenofp                            0x08003af6   Section        0  usenofp.o(x$fpl$usenofp)
    .constdata                               0x08003b06   Section        8  system_stm32f4xx.o(.constdata)
    locale$$data                             0x08003b30   Section      272  lc_ctype_c.o(locale$$data)
    __lcctype_c_name                         0x08003b34   Data           2  lc_ctype_c.o(locale$$data)
    __lcctype_c_start                        0x08003b3c   Data           0  lc_ctype_c.o(locale$$data)
    __lcctype_c_end                          0x08003c40   Data           0  lc_ctype_c.o(locale$$data)
    .data                                    0x20000000   Section       16  mycallbackfunc.o(.data)
    .data                                    0x20000010   Section        8  as608.o(.data)
    .data                                    0x20000018   Section        5  main.o(.data)
    .data                                    0x20000020   Section       12  stm32f4xx_hal.o(.data)
    .data                                    0x2000002c   Section        4  system_stm32f4xx.o(.data)
    .data                                    0x20000030   Section        4  strtok.o(.data)
    _strtok_saves1                           0x20000030   Data           4  strtok.o(.data)
    .bss                                     0x20000034   Section      400  as608.o(.bss)
    .bss                                     0x200001c4   Section       72  adc.o(.bss)
    .bss                                     0x2000020c   Section       72  tim.o(.bss)
    .bss                                     0x20000254   Section      360  usart.o(.bss)
    .bss                                     0x200003bc   Section       96  libspace.o(.bss)
    HEAP                                     0x20000420   Section      512  startup_stm32f407xx.o(HEAP)
    Heap_Mem                                 0x20000420   Data         512  startup_stm32f407xx.o(HEAP)
    STACK                                    0x20000620   Section     1024  startup_stm32f407xx.o(STACK)
    Stack_Mem                                0x20000620   Data        1024  startup_stm32f407xx.o(STACK)
    __initial_sp                             0x20000a20   Data           0  startup_stm32f407xx.o(STACK)

    Global Symbols

    Symbol Name                              Value     Ov Type        Size  Object(Section)

    BuildAttributes$$THM_ISAv4$E$P$D$K$B$S$7EM$VFPi3$EXTD16$VFPS$VFMA$PE$A:L22UL41UL21$X:L11$S22US41US21$IEEE1$IW$USESV6$~STKCKD$USESV7$~SHL$OSPACE$ROPI$EBA8$UX$STANDARDLIB$REQ8$PRES8$EABIv2 0x00000000   Number         0  anon$$obj.o ABSOLUTE
    __ARM_use_no_argv                        0x00000000   Number         0  main.o ABSOLUTE
    _printf_flags                            0x00000000   Number         0  printf_stubs.o ABSOLUTE
    _printf_return_value                     0x00000000   Number         0  printf_stubs.o ABSOLUTE
    _printf_sizespec                         0x00000000   Number         0  printf_stubs.o ABSOLUTE
    _printf_widthprec                        0x00000000   Number         0  printf_stubs.o ABSOLUTE
    __ARM_exceptions_init                     - Undefined Weak Reference
    __alloca_initialize                       - Undefined Weak Reference
    __arm_fini_                               - Undefined Weak Reference
    __arm_preinit_                            - Undefined Weak Reference
    __cpp_initialize__aeabi_                  - Undefined Weak Reference
    __cxa_finalize                            - Undefined Weak Reference
    __sigvec_lookup                           - Undefined Weak Reference
    _atexit_init                              - Undefined Weak Reference
    _call_atexit_fns                          - Undefined Weak Reference
    _clock_init                               - Undefined Weak Reference
    _fp_trap_init                             - Undefined Weak Reference
    _fp_trap_shutdown                         - Undefined Weak Reference
    _get_lc_collate                           - Undefined Weak Reference
    _get_lc_monetary                          - Undefined Weak Reference
    _get_lc_numeric                           - Undefined Weak Reference
    _get_lc_time                              - Undefined Weak Reference
    _getenv_init                              - Undefined Weak Reference
    _handle_redirection                       - Undefined Weak Reference
    _init_alloc                               - Undefined Weak Reference
    _init_user_alloc                          - Undefined Weak Reference
    _initio                                   - Undefined Weak Reference
    _printf_post_padding                      - Undefined Weak Reference
    _printf_pre_padding                       - Undefined Weak Reference
    _printf_truncate_signed                   - Undefined Weak Reference
    _printf_truncate_unsigned                 - Undefined Weak Reference
    _rand_init                                - Undefined Weak Reference
    _scanf_longlong                           - Undefined Weak Reference
    _scanf_mbtowc                             - Undefined Weak Reference
    _scanf_real                               - Undefined Weak Reference
    _scanf_string                             - Undefined Weak Reference
    _scanf_wctomb                             - Undefined Weak Reference
    _scanf_wstring                            - Undefined Weak Reference
    _signal_finish                            - Undefined Weak Reference
    _signal_init                              - Undefined Weak Reference
    _terminate_alloc                          - Undefined Weak Reference
    _terminate_user_alloc                     - Undefined Weak Reference
    _terminateio                              - Undefined Weak Reference
    __Vectors_Size                           0x00000188   Number         0  startup_stm32f407xx.o ABSOLUTE
    __Vectors                                0x08000000   Data           4  startup_stm32f407xx.o(RESET)
    __Vectors_End                            0x08000188   Data           0  startup_stm32f407xx.o(RESET)
    __main                                   0x08000189   Thumb Code     8  __main.o(!!!main)
    __scatterload                            0x08000191   Thumb Code     0  __scatter.o(!!!scatter)
    __scatterload_rt2                        0x08000191   Thumb Code    44  __scatter.o(!!!scatter)
    __scatterload_rt2_thumb_only             0x08000191   Thumb Code     0  __scatter.o(!!!scatter)
    __scatterload_null                       0x0800019f   Thumb Code     0  __scatter.o(!!!scatter)
    __scatterload_copy                       0x080001c5   Thumb Code    26  __scatter_copy.o(!!handler_copy)
    __scatterload_zeroinit                   0x080001e1   Thumb Code    28  __scatter_zi.o(!!handler_zi)
    _printf_d                                0x080001fd   Thumb Code     0  _printf_d.o(.ARM.Collect$$_printf_percent$$00000009)
    _printf_percent                          0x080001fd   Thumb Code     0  _printf_percent.o(.ARM.Collect$$_printf_percent$$00000000)
    _printf_percent_end                      0x08000203   Thumb Code     0  _printf_percent_end.o(.ARM.Collect$$_printf_percent$$00000017)
    __rt_lib_init                            0x08000207   Thumb Code     0  libinit.o(.ARM.Collect$$libinit$$00000000)
    __rt_lib_init_fp_1                       0x08000209   Thumb Code     0  libinit2.o(.ARM.Collect$$libinit$$00000001)
    __rt_lib_init_heap_1                     0x0800020d   Thumb Code     0  libinit2.o(.ARM.Collect$$libinit$$0000000A)
    __rt_lib_init_lc_common                  0x0800020d   Thumb Code     0  libinit2.o(.ARM.Collect$$libinit$$0000000F)
    __rt_lib_init_preinit_1                  0x0800020d   Thumb Code     0  libinit2.o(.ARM.Collect$$libinit$$00000004)
    __rt_lib_init_rand_1                     0x0800020d   Thumb Code     0  libinit2.o(.ARM.Collect$$libinit$$0000000E)
    __rt_lib_init_user_alloc_1               0x0800020d   Thumb Code     0  libinit2.o(.ARM.Collect$$libinit$$0000000C)
    __rt_lib_init_lc_collate_1               0x08000213   Thumb Code     0  libinit2.o(.ARM.Collect$$libinit$$00000011)
    __rt_lib_init_lc_ctype_2                 0x08000213   Thumb Code     0  libinit2.o(.ARM.Collect$$libinit$$00000012)
    __rt_lib_init_alloca_1                   0x0800021f   Thumb Code     0  libinit2.o(.ARM.Collect$$libinit$$0000002E)
    __rt_lib_init_argv_1                     0x0800021f   Thumb Code     0  libinit2.o(.ARM.Collect$$libinit$$0000002C)
    __rt_lib_init_atexit_1                   0x0800021f   Thumb Code     0  libinit2.o(.ARM.Collect$$libinit$$0000001B)
    __rt_lib_init_clock_1                    0x0800021f   Thumb Code     0  libinit2.o(.ARM.Collect$$libinit$$00000021)
    __rt_lib_init_cpp_1                      0x0800021f   Thumb Code     0  libinit2.o(.ARM.Collect$$libinit$$00000032)
    __rt_lib_init_exceptions_1               0x0800021f   Thumb Code     0  libinit2.o(.ARM.Collect$$libinit$$00000030)
    __rt_lib_init_fp_trap_1                  0x0800021f   Thumb Code     0  libinit2.o(.ARM.Collect$$libinit$$0000001F)
    __rt_lib_init_getenv_1                   0x0800021f   Thumb Code     0  libinit2.o(.ARM.Collect$$libinit$$00000023)
    __rt_lib_init_lc_ctype_1                 0x0800021f   Thumb Code     0  libinit2.o(.ARM.Collect$$libinit$$00000013)
    __rt_lib_init_lc_monetary_1              0x0800021f   Thumb Code     0  libinit2.o(.ARM.Collect$$libinit$$00000015)
    __rt_lib_init_lc_numeric_1               0x0800021f   Thumb Code     0  libinit2.o(.ARM.Collect$$libinit$$00000017)
    __rt_lib_init_lc_time_1                  0x0800021f   Thumb Code     0  libinit2.o(.ARM.Collect$$libinit$$00000019)
    __rt_lib_init_return                     0x0800021f   Thumb Code     0  libinit2.o(.ARM.Collect$$libinit$$00000033)
    __rt_lib_init_signal_1                   0x0800021f   Thumb Code     0  libinit2.o(.ARM.Collect$$libinit$$0000001D)
    __rt_lib_init_stdio_1                    0x0800021f   Thumb Code     0  libinit2.o(.ARM.Collect$$libinit$$00000025)
    __rt_lib_shutdown                        0x08000221   Thumb Code     0  libshutdown.o(.ARM.Collect$$libshutdown$$00000000)
    __rt_lib_shutdown_cpp_1                  0x08000223   Thumb Code     0  libshutdown2.o(.ARM.Collect$$libshutdown$$00000004)
    __rt_lib_shutdown_fini_1                 0x08000223   Thumb Code     0  libshutdown2.o(.ARM.Collect$$libshutdown$$00000002)
    __rt_lib_shutdown_fp_trap_1              0x08000223   Thumb Code     0  libshutdown2.o(.ARM.Collect$$libshutdown$$00000009)
    __rt_lib_shutdown_heap_1                 0x08000223   Thumb Code     0  libshutdown2.o(.ARM.Collect$$libshutdown$$00000011)
    __rt_lib_shutdown_return                 0x08000223   Thumb Code     0  libshutdown2.o(.ARM.Collect$$libshutdown$$00000012)
    __rt_lib_shutdown_signal_1               0x08000223   Thumb Code     0  libshutdown2.o(.ARM.Collect$$libshutdown$$0000000C)
    __rt_lib_shutdown_stdio_1                0x08000223   Thumb Code     0  libshutdown2.o(.ARM.Collect$$libshutdown$$00000006)
    __rt_lib_shutdown_user_alloc_1           0x08000223   Thumb Code     0  libshutdown2.o(.ARM.Collect$$libshutdown$$0000000E)
    __rt_entry                               0x08000225   Thumb Code     0  __rtentry.o(.ARM.Collect$$rtentry$$00000000)
    __rt_entry_presh_1                       0x08000225   Thumb Code     0  __rtentry2.o(.ARM.Collect$$rtentry$$00000002)
    __rt_entry_sh                            0x08000225   Thumb Code     0  __rtentry4.o(.ARM.Collect$$rtentry$$00000004)
    __rt_entry_li                            0x0800022b   Thumb Code     0  __rtentry2.o(.ARM.Collect$$rtentry$$0000000A)
    __rt_entry_postsh_1                      0x0800022b   Thumb Code     0  __rtentry2.o(.ARM.Collect$$rtentry$$00000009)
    __rt_entry_main                          0x0800022f   Thumb Code     0  __rtentry2.o(.ARM.Collect$$rtentry$$0000000D)
    __rt_entry_postli_1                      0x0800022f   Thumb Code     0  __rtentry2.o(.ARM.Collect$$rtentry$$0000000C)
    __rt_exit                                0x08000237   Thumb Code     0  rtexit.o(.ARM.Collect$$rtexit$$00000000)
    __rt_exit_ls                             0x08000239   Thumb Code     0  rtexit2.o(.ARM.Collect$$rtexit$$00000003)
    __rt_exit_prels_1                        0x08000239   Thumb Code     0  rtexit2.o(.ARM.Collect$$rtexit$$00000002)
    __rt_exit_exit                           0x0800023d   Thumb Code     0  rtexit2.o(.ARM.Collect$$rtexit$$00000004)
    Reset_Handler                            0x08000245   Thumb Code     8  startup_stm32f407xx.o(.text)
    ADC_IRQHandler                           0x0800025f   Thumb Code     0  startup_stm32f407xx.o(.text)
    CAN1_RX0_IRQHandler                      0x0800025f   Thumb Code     0  startup_stm32f407xx.o(.text)
    CAN1_RX1_IRQHandler                      0x0800025f   Thumb Code     0  startup_stm32f407xx.o(.text)
    CAN1_SCE_IRQHandler                      0x0800025f   Thumb Code     0  startup_stm32f407xx.o(.text)
    CAN1_TX_IRQHandler                       0x0800025f   Thumb Code     0  startup_stm32f407xx.o(.text)
    CAN2_RX0_IRQHandler                      0x0800025f   Thumb Code     0  startup_stm32f407xx.o(.text)
    CAN2_RX1_IRQHandler                      0x0800025f   Thumb Code     0  startup_stm32f407xx.o(.text)
    CAN2_SCE_IRQHandler                      0x0800025f   Thumb Code     0  startup_stm32f407xx.o(.text)
    CAN2_TX_IRQHandler                       0x0800025f   Thumb Code     0  startup_stm32f407xx.o(.text)
    DCMI_IRQHandler                          0x0800025f   Thumb Code     0  startup_stm32f407xx.o(.text)
    DMA1_Stream0_IRQHandler                  0x0800025f   Thumb Code     0  startup_stm32f407xx.o(.text)
    DMA1_Stream1_IRQHandler                  0x0800025f   Thumb Code     0  startup_stm32f407xx.o(.text)
    DMA1_Stream2_IRQHandler                  0x0800025f   Thumb Code     0  startup_stm32f407xx.o(.text)
    DMA1_Stream3_IRQHandler                  0x0800025f   Thumb Code     0  startup_stm32f407xx.o(.text)
    DMA1_Stream4_IRQHandler                  0x0800025f   Thumb Code     0  startup_stm32f407xx.o(.text)
    DMA1_Stream5_IRQHandler                  0x0800025f   Thumb Code     0  startup_stm32f407xx.o(.text)
    DMA1_Stream6_IRQHandler                  0x0800025f   Thumb Code     0  startup_stm32f407xx.o(.text)
    DMA1_Stream7_IRQHandler                  0x0800025f   Thumb Code     0  startup_stm32f407xx.o(.text)
    DMA2_Stream0_IRQHandler                  0x0800025f   Thumb Code     0  startup_stm32f407xx.o(.text)
    DMA2_Stream1_IRQHandler                  0x0800025f   Thumb Code     0  startup_stm32f407xx.o(.text)
    DMA2_Stream2_IRQHandler                  0x0800025f   Thumb Code     0  startup_stm32f407xx.o(.text)
    DMA2_Stream3_IRQHandler                  0x0800025f   Thumb Code     0  startup_stm32f407xx.o(.text)
    DMA2_Stream4_IRQHandler                  0x0800025f   Thumb Code     0  startup_stm32f407xx.o(.text)
    DMA2_Stream5_IRQHandler                  0x0800025f   Thumb Code     0  startup_stm32f407xx.o(.text)
    DMA2_Stream6_IRQHandler                  0x0800025f   Thumb Code     0  startup_stm32f407xx.o(.text)
    DMA2_Stream7_IRQHandler                  0x0800025f   Thumb Code     0  startup_stm32f407xx.o(.text)
    ETH_IRQHandler                           0x0800025f   Thumb Code     0  startup_stm32f407xx.o(.text)
    ETH_WKUP_IRQHandler                      0x0800025f   Thumb Code     0  startup_stm32f407xx.o(.text)
    EXTI0_IRQHandler                         0x0800025f   Thumb Code     0  startup_stm32f407xx.o(.text)
    EXTI15_10_IRQHandler                     0x0800025f   Thumb Code     0  startup_stm32f407xx.o(.text)
    EXTI1_IRQHandler                         0x0800025f   Thumb Code     0  startup_stm32f407xx.o(.text)
    EXTI2_IRQHandler                         0x0800025f   Thumb Code     0  startup_stm32f407xx.o(.text)
    EXTI3_IRQHandler                         0x0800025f   Thumb Code     0  startup_stm32f407xx.o(.text)
    EXTI4_IRQHandler                         0x0800025f   Thumb Code     0  startup_stm32f407xx.o(.text)
    FLASH_IRQHandler                         0x0800025f   Thumb Code     0  startup_stm32f407xx.o(.text)
    FMC_IRQHandler                           0x0800025f   Thumb Code     0  startup_stm32f407xx.o(.text)
    FPU_IRQHandler                           0x0800025f   Thumb Code     0  startup_stm32f407xx.o(.text)
    HASH_RNG_IRQHandler                      0x0800025f   Thumb Code     0  startup_stm32f407xx.o(.text)
    I2C1_ER_IRQHandler                       0x0800025f   Thumb Code     0  startup_stm32f407xx.o(.text)
    I2C1_EV_IRQHandler                       0x0800025f   Thumb Code     0  startup_stm32f407xx.o(.text)
    I2C2_ER_IRQHandler                       0x0800025f   Thumb Code     0  startup_stm32f407xx.o(.text)
    I2C2_EV_IRQHandler                       0x0800025f   Thumb Code     0  startup_stm32f407xx.o(.text)
    I2C3_ER_IRQHandler                       0x0800025f   Thumb Code     0  startup_stm32f407xx.o(.text)
    I2C3_EV_IRQHandler                       0x0800025f   Thumb Code     0  startup_stm32f407xx.o(.text)
    OTG_FS_IRQHandler                        0x0800025f   Thumb Code     0  startup_stm32f407xx.o(.text)
    OTG_FS_WKUP_IRQHandler                   0x0800025f   Thumb Code     0  startup_stm32f407xx.o(.text)
    OTG_HS_EP1_IN_IRQHandler                 0x0800025f   Thumb Code     0  startup_stm32f407xx.o(.text)
    OTG_HS_EP1_OUT_IRQHandler                0x0800025f   Thumb Code     0  startup_stm32f407xx.o(.text)
    OTG_HS_IRQHandler                        0x0800025f   Thumb Code     0  startup_stm32f407xx.o(.text)
    OTG_HS_WKUP_IRQHandler                   0x0800025f   Thumb Code     0  startup_stm32f407xx.o(.text)
    PVD_IRQHandler                           0x0800025f   Thumb Code     0  startup_stm32f407xx.o(.text)
    RTC_Alarm_IRQHandler                     0x0800025f   Thumb Code     0  startup_stm32f407xx.o(.text)
    RTC_WKUP_IRQHandler                      0x0800025f   Thumb Code     0  startup_stm32f407xx.o(.text)
    SDIO_IRQHandler                          0x0800025f   Thumb Code     0  startup_stm32f407xx.o(.text)
    SPI1_IRQHandler                          0x0800025f   Thumb Code     0  startup_stm32f407xx.o(.text)
    SPI2_IRQHandler                          0x0800025f   Thumb Code     0  startup_stm32f407xx.o(.text)
    SPI3_IRQHandler                          0x0800025f   Thumb Code     0  startup_stm32f407xx.o(.text)
    TAMP_STAMP_IRQHandler                    0x0800025f   Thumb Code     0  startup_stm32f407xx.o(.text)
    TIM1_BRK_TIM9_IRQHandler                 0x0800025f   Thumb Code     0  startup_stm32f407xx.o(.text)
    TIM1_CC_IRQHandler                       0x0800025f   Thumb Code     0  startup_stm32f407xx.o(.text)
    TIM1_TRG_COM_TIM11_IRQHandler            0x0800025f   Thumb Code     0  startup_stm32f407xx.o(.text)
    TIM1_UP_TIM10_IRQHandler                 0x0800025f   Thumb Code     0  startup_stm32f407xx.o(.text)
    TIM3_IRQHandler                          0x0800025f   Thumb Code     0  startup_stm32f407xx.o(.text)
    TIM4_IRQHandler                          0x0800025f   Thumb Code     0  startup_stm32f407xx.o(.text)
    TIM5_IRQHandler                          0x0800025f   Thumb Code     0  startup_stm32f407xx.o(.text)
    TIM6_DAC_IRQHandler                      0x0800025f   Thumb Code     0  startup_stm32f407xx.o(.text)
    TIM7_IRQHandler                          0x0800025f   Thumb Code     0  startup_stm32f407xx.o(.text)
    TIM8_BRK_TIM12_IRQHandler                0x0800025f   Thumb Code     0  startup_stm32f407xx.o(.text)
    TIM8_CC_IRQHandler                       0x0800025f   Thumb Code     0  startup_stm32f407xx.o(.text)
    TIM8_TRG_COM_TIM14_IRQHandler            0x0800025f   Thumb Code     0  startup_stm32f407xx.o(.text)
    TIM8_UP_TIM13_IRQHandler                 0x0800025f   Thumb Code     0  startup_stm32f407xx.o(.text)
    UART4_IRQHandler                         0x0800025f   Thumb Code     0  startup_stm32f407xx.o(.text)
    UART5_IRQHandler                         0x0800025f   Thumb Code     0  startup_stm32f407xx.o(.text)
    USART1_IRQHandler                        0x0800025f   Thumb Code     0  startup_stm32f407xx.o(.text)
    USART2_IRQHandler                        0x0800025f   Thumb Code     0  startup_stm32f407xx.o(.text)
    USART3_IRQHandler                        0x0800025f   Thumb Code     0  startup_stm32f407xx.o(.text)
    USART6_IRQHandler                        0x0800025f   Thumb Code     0  startup_stm32f407xx.o(.text)
    WWDG_IRQHandler                          0x0800025f   Thumb Code     0  startup_stm32f407xx.o(.text)
    __user_initial_stackheap                 0x08000261   Thumb Code     0  startup_stm32f407xx.o(.text)
    __aeabi_uldivmod                         0x08000285   Thumb Code     0  lludivv7m.o(.text)
    _ll_udiv                                 0x08000285   Thumb Code   238  lludivv7m.o(.text)
    __2sprintf                               0x08000375   Thumb Code    38  __2sprintf.o(.text)
    __printf                                 0x080003a1   Thumb Code   104  __printf.o(.text)
    _printf_int_dec                          0x08000409   Thumb Code   104  _printf_dec.o(.text)
    __0sscanf                                0x08000481   Thumb Code    52  __0sscanf.o(.text)
    _scanf_int                               0x080004bd   Thumb Code   332  _scanf_int.o(.text)
    strtok                                   0x08000609   Thumb Code     6  strtok.o(.text)
    strstr                                   0x08000615   Thumb Code    36  strstr.o(.text)
    memcmp                                   0x08000639   Thumb Code    88  memcmp.o(.text)
    strlen                                   0x08000691   Thumb Code    62  strlen.o(.text)
    __aeabi_memcpy                           0x080006cf   Thumb Code     0  rt_memcpy_v6.o(.text)
    __rt_memcpy                              0x080006cf   Thumb Code   138  rt_memcpy_v6.o(.text)
    _memcpy_lastbytes                        0x08000735   Thumb Code     0  rt_memcpy_v6.o(.text)
    __aeabi_memclr4                          0x08000759   Thumb Code     0  rt_memclr_w.o(.text)
    __aeabi_memclr8                          0x08000759   Thumb Code     0  rt_memclr_w.o(.text)
    __rt_memclr_w                            0x08000759   Thumb Code    78  rt_memclr_w.o(.text)
    _memset_w                                0x0800075d   Thumb Code     0  rt_memclr_w.o(.text)
    __use_two_region_memory                  0x080007a7   Thumb Code     2  heapauxi.o(.text)
    __rt_heap_escrow$2region                 0x080007a9   Thumb Code     2  heapauxi.o(.text)
    __rt_heap_expand$2region                 0x080007ab   Thumb Code     2  heapauxi.o(.text)
    _printf_int_common                       0x080007ad   Thumb Code   178  _printf_intcommon.o(.text)
    _printf_char_common                      0x0800086b   Thumb Code    32  _printf_char_common.o(.text)
    _sputc                                   0x08000891   Thumb Code    10  _sputc.o(.text)
    _chval                                   0x0800089b   Thumb Code    28  _chval.o(.text)
    __vfscanf_char                           0x080008c5   Thumb Code    24  scanf_char.o(.text)
    _sgetc                                   0x080008e5   Thumb Code    30  _sgetc.o(.text)
    _sbackspace                              0x08000903   Thumb Code    34  _sgetc.o(.text)
    __strtok_internal                        0x08000925   Thumb Code    64  strtok_int.o(.text)
    __aeabi_memcpy4                          0x08000969   Thumb Code     0  rt_memcpy_w.o(.text)
    __aeabi_memcpy8                          0x08000969   Thumb Code     0  rt_memcpy_w.o(.text)
    __rt_memcpy_w                            0x08000969   Thumb Code   100  rt_memcpy_w.o(.text)
    _memcpy_lastbytes_aligned                0x080009b1   Thumb Code     0  rt_memcpy_w.o(.text)
    isspace                                  0x080009cd   Thumb Code    18  isspace.o(.text)
    __vfscanf                                0x080009e1   Thumb Code   880  _scanf.o(.text)
    strcspn                                  0x08000d55   Thumb Code    32  strcspn.o(.text)
    strspn                                   0x08000d75   Thumb Code    28  strspn.o(.text)
    __user_setup_stackheap                   0x08000d91   Thumb Code    74  sys_stackheap_outer.o(.text)
    __rt_ctype_table                         0x08000ddd   Thumb Code    16  rt_ctype_table.o(.text)
    exit                                     0x08000ded   Thumb Code    18  exit.o(.text)
    __user_libspace                          0x08000e01   Thumb Code     8  libspace.o(.text)
    __user_perproc_libspace                  0x08000e01   Thumb Code     0  libspace.o(.text)
    __user_perthread_libspace                0x08000e01   Thumb Code     0  libspace.o(.text)
    __rt_locale                              0x08000e09   Thumb Code     8  rt_locale_intlibspace.o(.text)
    _sys_exit                                0x08000e11   Thumb Code     8  sys_exit.o(.text)
    strcmp                                   0x08000e1d   Thumb Code   128  strcmpv7m.o(.text)
    __I$use$semihosting                      0x08000e9d   Thumb Code     0  use_no_semi.o(.text)
    __use_no_semihosting_swi                 0x08000e9d   Thumb Code     2  use_no_semi.o(.text)
    __semihosting_library_function           0x08000e9f   Thumb Code     0  indicate_semi.o(.text)
    BusFault_Handler                         0x08000fc9   Thumb Code     2  stm32f4xx_it.o(i.BusFault_Handler)
    Car_Status                               0x08000fcd   Thumb Code    18  mycallbackfunc.o(i.Car_Status)
    DebugMon_Handler                         0x08000fe5   Thumb Code     2  stm32f4xx_it.o(i.DebugMon_Handler)
    EXTI9_5_IRQHandler                       0x08000fe7   Thumb Code    18  stm32f4xx_it.o(i.EXTI9_5_IRQHandler)
    Error_Handler                            0x08000ff9   Thumb Code     4  main.o(i.Error_Handler)
    HAL_ADC_ConfigChannel                    0x08000ffd   Thumb Code   316  stm32f4xx_hal_adc.o(i.HAL_ADC_ConfigChannel)
    HAL_ADC_GetValue                         0x08001149   Thumb Code     6  stm32f4xx_hal_adc.o(i.HAL_ADC_GetValue)
    HAL_ADC_Init                             0x0800114f   Thumb Code    84  stm32f4xx_hal_adc.o(i.HAL_ADC_Init)
    HAL_ADC_MspInit                          0x080011a5   Thumb Code    84  adc.o(i.HAL_ADC_MspInit)
    HAL_ADC_PollForConversion                0x08001205   Thumb Code   170  stm32f4xx_hal_adc.o(i.HAL_ADC_PollForConversion)
    HAL_ADC_Start_IT                         0x080012b1   Thumb Code   238  stm32f4xx_hal_adc.o(i.HAL_ADC_Start_IT)
    HAL_ADC_Stop_IT                          0x080013bd   Thumb Code    68  stm32f4xx_hal_adc.o(i.HAL_ADC_Stop_IT)
    HAL_GPIO_EXTI_Callback                   0x08001405   Thumb Code   136  mycallbackfunc.o(i.HAL_GPIO_EXTI_Callback)
    HAL_GPIO_EXTI_IRQHandler                 0x080014c5   Thumb Code    18  stm32f4xx_hal_gpio.o(i.HAL_GPIO_EXTI_IRQHandler)
    HAL_GPIO_Init                            0x080014dd   Thumb Code   450  stm32f4xx_hal_gpio.o(i.HAL_GPIO_Init)
    HAL_GPIO_WritePin                        0x080016cd   Thumb Code    10  stm32f4xx_hal_gpio.o(i.HAL_GPIO_WritePin)
    HAL_GetTick                              0x080016d9   Thumb Code     6  stm32f4xx_hal.o(i.HAL_GetTick)
    HAL_IncTick                              0x080016e5   Thumb Code    12  stm32f4xx_hal.o(i.HAL_IncTick)
    HAL_Init                                 0x080016f5   Thumb Code    48  stm32f4xx_hal.o(i.HAL_Init)
    HAL_InitTick                             0x08001729   Thumb Code    54  stm32f4xx_hal.o(i.HAL_InitTick)
    HAL_MspInit                              0x08001769   Thumb Code    60  stm32f4xx_hal_msp.o(i.HAL_MspInit)
    HAL_NVIC_DisableIRQ                      0x080017a9   Thumb Code    34  stm32f4xx_hal_cortex.o(i.HAL_NVIC_DisableIRQ)
    HAL_NVIC_EnableIRQ                       0x080017cb   Thumb Code    26  stm32f4xx_hal_cortex.o(i.HAL_NVIC_EnableIRQ)
    HAL_NVIC_SetPriority                     0x080017e5   Thumb Code    60  stm32f4xx_hal_cortex.o(i.HAL_NVIC_SetPriority)
    HAL_NVIC_SetPriorityGrouping             0x08001825   Thumb Code    26  stm32f4xx_hal_cortex.o(i.HAL_NVIC_SetPriorityGrouping)
    HAL_RCC_ClockConfig                      0x08001849   Thumb Code   288  stm32f4xx_hal_rcc.o(i.HAL_RCC_ClockConfig)
    HAL_RCC_GetPCLK1Freq                     0x0800197d   Thumb Code    20  stm32f4xx_hal_rcc.o(i.HAL_RCC_GetPCLK1Freq)
    HAL_RCC_GetPCLK2Freq                     0x0800199d   Thumb Code    20  stm32f4xx_hal_rcc.o(i.HAL_RCC_GetPCLK2Freq)
    HAL_RCC_GetSysClockFreq                  0x080019bd   Thumb Code    88  stm32f4xx_hal_rcc.o(i.HAL_RCC_GetSysClockFreq)
    HAL_RCC_OscConfig                        0x08001a21   Thumb Code   856  stm32f4xx_hal_rcc.o(i.HAL_RCC_OscConfig)
    HAL_SYSTICK_Config                       0x08001d8d   Thumb Code    40  stm32f4xx_hal_cortex.o(i.HAL_SYSTICK_Config)
    HAL_TIMEx_BreakCallback                  0x08001db5   Thumb Code     2  stm32f4xx_hal_tim_ex.o(i.HAL_TIMEx_BreakCallback)
    HAL_TIMEx_CommutCallback                 0x08001db7   Thumb Code     2  stm32f4xx_hal_tim_ex.o(i.HAL_TIMEx_CommutCallback)
    HAL_TIMEx_MasterConfigSynchronization    0x08001db9   Thumb Code   116  stm32f4xx_hal_tim_ex.o(i.HAL_TIMEx_MasterConfigSynchronization)
    HAL_TIM_Base_Init                        0x08001e49   Thumb Code    90  stm32f4xx_hal_tim.o(i.HAL_TIM_Base_Init)
    HAL_TIM_Base_MspInit                     0x08001ea5   Thumb Code    50  tim.o(i.HAL_TIM_Base_MspInit)
    HAL_TIM_Base_Start_IT                    0x08001edd   Thumb Code   100  stm32f4xx_hal_tim.o(i.HAL_TIM_Base_Start_IT)
    HAL_TIM_Base_Stop_IT                     0x08001f5d   Thumb Code    48  stm32f4xx_hal_tim.o(i.HAL_TIM_Base_Stop_IT)
    HAL_TIM_ConfigClockSource                0x08001f8d   Thumb Code   220  stm32f4xx_hal_tim.o(i.HAL_TIM_ConfigClockSource)
    HAL_TIM_IC_CaptureCallback               0x08002069   Thumb Code     2  stm32f4xx_hal_tim.o(i.HAL_TIM_IC_CaptureCallback)
    HAL_TIM_IRQHandler                       0x0800206b   Thumb Code   304  stm32f4xx_hal_tim.o(i.HAL_TIM_IRQHandler)
    HAL_TIM_OC_DelayElapsedCallback          0x0800219b   Thumb Code     2  stm32f4xx_hal_tim.o(i.HAL_TIM_OC_DelayElapsedCallback)
    HAL_TIM_PWM_PulseFinishedCallback        0x0800219d   Thumb Code     2  stm32f4xx_hal_tim.o(i.HAL_TIM_PWM_PulseFinishedCallback)
    HAL_TIM_PeriodElapsedCallback            0x080021a1   Thumb Code   140  mycallbackfunc.o(i.HAL_TIM_PeriodElapsedCallback)
    HAL_TIM_TriggerCallback                  0x08002239   Thumb Code     2  stm32f4xx_hal_tim.o(i.HAL_TIM_TriggerCallback)
    HAL_UART_Init                            0x0800223b   Thumb Code   100  stm32f4xx_hal_uart.o(i.HAL_UART_Init)
    HAL_UART_MspInit                         0x080022a1   Thumb Code   358  usart.o(i.HAL_UART_MspInit)
    HAL_UART_Receive                         0x08002431   Thumb Code   176  stm32f4xx_hal_uart.o(i.HAL_UART_Receive)
    HAL_UART_Transmit                        0x080024e1   Thumb Code   160  stm32f4xx_hal_uart.o(i.HAL_UART_Transmit)
    HardFault_Handler                        0x08002581   Thumb Code     2  stm32f4xx_it.o(i.HardFault_Handler)
    MX_ADC1_Init                             0x080025f1   Thumb Code    86  adc.o(i.MX_ADC1_Init)
    MX_GPIO_Init                             0x08002655   Thumb Code   190  gpio.o(i.MX_GPIO_Init)
    MX_TIM2_Init                             0x08002721   Thumb Code   106  tim.o(i.MX_TIM2_Init)
    MX_UART5_Init                            0x08002791   Thumb Code    48  usart.o(i.MX_UART5_Init)
    MX_USART1_UART_Init                      0x080027c9   Thumb Code    48  usart.o(i.MX_USART1_UART_Init)
    MX_USART2_UART_Init                      0x08002801   Thumb Code    48  usart.o(i.MX_USART2_UART_Init)
    MX_USART3_UART_Init                      0x08002839   Thumb Code    48  usart.o(i.MX_USART3_UART_Init)
    MX_USART6_UART_Init                      0x08002871   Thumb Code    48  usart.o(i.MX_USART6_UART_Init)
    MemManage_Handler                        0x080028bd   Thumb Code     2  stm32f4xx_it.o(i.MemManage_Handler)
    NMI_Handler                              0x080028bf   Thumb Code     2  stm32f4xx_it.o(i.NMI_Handler)
    PS_GenChar                               0x080028c1   Thumb Code    60  as608.o(i.PS_GenChar)
    PS_GetImage                              0x080028fd   Thumb Code    52  as608.o(i.PS_GetImage)
    PS_HighSpeedSearch                       0x08002931   Thumb Code   132  as608.o(i.PS_HighSpeedSearch)
    PendSV_Handler                           0x080029b5   Thumb Code     2  stm32f4xx_it.o(i.PendSV_Handler)
    RCC_IRQHandler                           0x080029b7   Thumb Code     2  stm32f4xx_it.o(i.RCC_IRQHandler)
    SVC_Handler                              0x080029b9   Thumb Code     2  stm32f4xx_it.o(i.SVC_Handler)
    SYN_FrameInfo                            0x080029bd   Thumb Code   116  syn6288.o(i.SYN_FrameInfo)
    SysTick_Handler                          0x08002aa1   Thumb Code     4  stm32f4xx_it.o(i.SysTick_Handler)
    SystemClock_Config                       0x08002aa5   Thumb Code   140  main.o(i.SystemClock_Config)
    SystemInit                               0x08002b39   Thumb Code    12  system_stm32f4xx.o(i.SystemInit)
    TIM2_IRQHandler                          0x08002b49   Thumb Code     6  stm32f4xx_it.o(i.TIM2_IRQHandler)
    TIM_Base_SetConfig                       0x08002b55   Thumb Code   170  stm32f4xx_hal_tim.o(i.TIM_Base_SetConfig)
    TIM_ETR_SetConfig                        0x08002c2d   Thumb Code    20  stm32f4xx_hal_tim.o(i.TIM_ETR_SetConfig)
    UsageFault_Handler                       0x08002e63   Thumb Code     2  stm32f4xx_it.o(i.UsageFault_Handler)
    main                                     0x08002e85   Thumb Code   750  main.o(i.main)
    press_FR                                 0x08003329   Thumb Code   132  as608.o(i.press_FR)
    remove_newline                           0x08003425   Thumb Code    30  mycallbackfunc.o(i.remove_newline)
    _get_lc_ctype                            0x08003445   Thumb Code    44  lc_ctype_c.o(locale$$code)
    __aeabi_d2f                              0x08003471   Thumb Code     0  d2f.o(x$fpl$d2f)
    _d2f                                     0x08003471   Thumb Code    98  d2f.o(x$fpl$d2f)
    __aeabi_ddiv                             0x080034d5   Thumb Code     0  ddiv.o(x$fpl$ddiv)
    _ddiv                                    0x080034d5   Thumb Code   552  ddiv.o(x$fpl$ddiv)
    __aeabi_d2uiz                            0x08003785   Thumb Code     0  dfixu.o(x$fpl$dfixu)
    _dfixu                                   0x08003785   Thumb Code    90  dfixu.o(x$fpl$dfixu)
    __aeabi_ui2d                             0x080037df   Thumb Code     0  dflt_clz.o(x$fpl$dfltu)
    _dfltu                                   0x080037df   Thumb Code    38  dflt_clz.o(x$fpl$dfltu)
    __aeabi_dmul                             0x08003805   Thumb Code     0  dmul.o(x$fpl$dmul)
    _dmul                                    0x08003805   Thumb Code   332  dmul.o(x$fpl$dmul)
    __fpl_dnaninf                            0x08003959   Thumb Code   156  dnaninf.o(x$fpl$dnaninf)
    __fpl_dretinf                            0x080039f5   Thumb Code    12  dretinf.o(x$fpl$dretinf)
    __aeabi_f2d                              0x08003a01   Thumb Code     0  f2d.o(x$fpl$f2d)
    _f2d                                     0x08003a01   Thumb Code    86  f2d.o(x$fpl$f2d)
    __fpl_fnaninf                            0x08003a57   Thumb Code   140  fnaninf.o(x$fpl$fnaninf)
    _fp_init                                 0x08003ae3   Thumb Code    10  fpinit.o(x$fpl$fpinit)
    __fplib_config_fpu_vfp                   0x08003aeb   Thumb Code     0  fpinit.o(x$fpl$fpinit)
    __fplib_config_pureend_doubles           0x08003aeb   Thumb Code     0  fpinit.o(x$fpl$fpinit)
    __fpl_fretinf                            0x08003aed   Thumb Code    10  fretinf.o(x$fpl$fretinf)
    AHBPrescTable                            0x08003af6   Data          16  system_stm32f4xx.o(.constdata)
    __I$use$fp                               0x08003af6   Number         0  usenofp.o(x$fpl$usenofp)
    APBPrescTable                            0x08003b06   Data           8  system_stm32f4xx.o(.constdata)
    Region$$Table$$Base                      0x08003b10   Number         0  anon$$obj.o(Region$$Table)
    Region$$Table$$Limit                     0x08003b30   Number         0  anon$$obj.o(Region$$Table)
    __ctype                                  0x08003b3d   Data           0  lc_ctype_c.o(locale$$data)
    playSoundFlag                            0x20000000   Data           1  mycallbackfunc.o(.data)
    Result_fgPrt                             0x20000001   Data           1  mycallbackfunc.o(.data)
    Start_AlcoholTest                        0x20000002   Data           1  mycallbackfunc.o(.data)
    num                                      0x20000004   Data           4  mycallbackfunc.o(.data)
    step                                     0x20000008   Data           4  mycallbackfunc.o(.data)
    Resule_AlcoholTest                       0x2000000c   Data           4  mycallbackfunc.o(.data)
    flag_Fingerprint_library                 0x20000010   Data           1  as608.o(.data)
    USART2_RX_STA                            0x20000012   Data           2  as608.o(.data)
    AS608Addr                                0x20000014   Data           4  as608.o(.data)
    Control                                  0x20000018   Data           1  main.o(.data)
    SW                                       0x20000019   Data           1  main.o(.data)
    Alcohol_value_Max                        0x2000001a   Data           1  main.o(.data)
    Alcohol_value_Min                        0x2000001b   Data           1  main.o(.data)
    Drink_switches                           0x2000001c   Data           1  main.o(.data)
    uwTickFreq                               0x20000020   Data           1  stm32f4xx_hal.o(.data)
    uwTickPrio                               0x20000024   Data           4  stm32f4xx_hal.o(.data)
    uwTick                                   0x20000028   Data           4  stm32f4xx_hal.o(.data)
    SystemCoreClock                          0x2000002c   Data           4  system_stm32f4xx.o(.data)
    USART2_RX_BUF                            0x20000034   Data         400  as608.o(.bss)
    hadc1                                    0x200001c4   Data          72  adc.o(.bss)
    htim2                                    0x2000020c   Data          72  tim.o(.bss)
    huart5                                   0x20000254   Data          72  usart.o(.bss)
    huart1                                   0x2000029c   Data          72  usart.o(.bss)
    huart2                                   0x200002e4   Data          72  usart.o(.bss)
    huart3                                   0x2000032c   Data          72  usart.o(.bss)
    huart6                                   0x20000374   Data          72  usart.o(.bss)
    __libspace_start                         0x200003bc   Data          96  libspace.o(.bss)
    __temporary_stack_top$libspace           0x2000041c   Data           0  libspace.o(.bss)



==============================================================================

Memory Map of the image

  Image Entry point : 0x08000189

  Load Region LR_IROM1 (Base: 0x08000000, Size: 0x00003c74, Max: 0x00100000, ABSOLUTE)

    Execution Region ER_IROM1 (Exec base: 0x08000000, Load base: 0x08000000, Size: 0x00003c40, Max: 0x00100000, ABSOLUTE)

    Exec Addr    Load Addr    Size         Type   Attr      Idx    E Section Name        Object

    0x08000000   0x08000000   0x00000188   Data   RO            3    RESET               startup_stm32f407xx.o
    0x08000188   0x08000188   0x00000008   Code   RO         3751  * !!!main             c_w.l(__main.o)
    0x08000190   0x08000190   0x00000034   Code   RO         3988    !!!scatter          c_w.l(__scatter.o)
    0x080001c4   0x080001c4   0x0000001a   Code   RO         3990    !!handler_copy      c_w.l(__scatter_copy.o)
    0x080001de   0x080001de   0x00000002   PAD
    0x080001e0   0x080001e0   0x0000001c   Code   RO         3992    !!handler_zi        c_w.l(__scatter_zi.o)
    0x080001fc   0x080001fc   0x00000000   Code   RO         3729    .ARM.Collect$$_printf_percent$$00000000  c_w.l(_printf_percent.o)
    0x080001fc   0x080001fc   0x00000006   Code   RO         3728    .ARM.Collect$$_printf_percent$$00000009  c_w.l(_printf_d.o)
    0x08000202   0x08000202   0x00000004   Code   RO         3784    .ARM.Collect$$_printf_percent$$00000017  c_w.l(_printf_percent_end.o)
    0x08000206   0x08000206   0x00000002   Code   RO         3846    .ARM.Collect$$libinit$$00000000  c_w.l(libinit.o)
    0x08000208   0x08000208   0x00000004   Code   RO         3866    .ARM.Collect$$libinit$$00000001  c_w.l(libinit2.o)
    0x0800020c   0x0800020c   0x00000000   Code   RO         3869    .ARM.Collect$$libinit$$00000004  c_w.l(libinit2.o)
    0x0800020c   0x0800020c   0x00000000   Code   RO         3872    .ARM.Collect$$libinit$$0000000A  c_w.l(libinit2.o)
    0x0800020c   0x0800020c   0x00000000   Code   RO         3874    .ARM.Collect$$libinit$$0000000C  c_w.l(libinit2.o)
    0x0800020c   0x0800020c   0x00000000   Code   RO         3876    .ARM.Collect$$libinit$$0000000E  c_w.l(libinit2.o)
    0x0800020c   0x0800020c   0x00000006   Code   RO         3877    .ARM.Collect$$libinit$$0000000F  c_w.l(libinit2.o)
    0x08000212   0x08000212   0x00000000   Code   RO         3879    .ARM.Collect$$libinit$$00000011  c_w.l(libinit2.o)
    0x08000212   0x08000212   0x0000000c   Code   RO         3880    .ARM.Collect$$libinit$$00000012  c_w.l(libinit2.o)
    0x0800021e   0x0800021e   0x00000000   Code   RO         3881    .ARM.Collect$$libinit$$00000013  c_w.l(libinit2.o)
    0x0800021e   0x0800021e   0x00000000   Code   RO         3883    .ARM.Collect$$libinit$$00000015  c_w.l(libinit2.o)
    0x0800021e   0x0800021e   0x00000000   Code   RO         3885    .ARM.Collect$$libinit$$00000017  c_w.l(libinit2.o)
    0x0800021e   0x0800021e   0x00000000   Code   RO         3887    .ARM.Collect$$libinit$$00000019  c_w.l(libinit2.o)
    0x0800021e   0x0800021e   0x00000000   Code   RO         3889    .ARM.Collect$$libinit$$0000001B  c_w.l(libinit2.o)
    0x0800021e   0x0800021e   0x00000000   Code   RO         3891    .ARM.Collect$$libinit$$0000001D  c_w.l(libinit2.o)
    0x0800021e   0x0800021e   0x00000000   Code   RO         3893    .ARM.Collect$$libinit$$0000001F  c_w.l(libinit2.o)
    0x0800021e   0x0800021e   0x00000000   Code   RO         3895    .ARM.Collect$$libinit$$00000021  c_w.l(libinit2.o)
    0x0800021e   0x0800021e   0x00000000   Code   RO         3897    .ARM.Collect$$libinit$$00000023  c_w.l(libinit2.o)
    0x0800021e   0x0800021e   0x00000000   Code   RO         3899    .ARM.Collect$$libinit$$00000025  c_w.l(libinit2.o)
    0x0800021e   0x0800021e   0x00000000   Code   RO         3903    .ARM.Collect$$libinit$$0000002C  c_w.l(libinit2.o)
    0x0800021e   0x0800021e   0x00000000   Code   RO         3905    .ARM.Collect$$libinit$$0000002E  c_w.l(libinit2.o)
    0x0800021e   0x0800021e   0x00000000   Code   RO         3907    .ARM.Collect$$libinit$$00000030  c_w.l(libinit2.o)
    0x0800021e   0x0800021e   0x00000000   Code   RO         3909    .ARM.Collect$$libinit$$00000032  c_w.l(libinit2.o)
    0x0800021e   0x0800021e   0x00000002   Code   RO         3910    .ARM.Collect$$libinit$$00000033  c_w.l(libinit2.o)
    0x08000220   0x08000220   0x00000002   Code   RO         3943    .ARM.Collect$$libshutdown$$00000000  c_w.l(libshutdown.o)
    0x08000222   0x08000222   0x00000000   Code   RO         3969    .ARM.Collect$$libshutdown$$00000002  c_w.l(libshutdown2.o)
    0x08000222   0x08000222   0x00000000   Code   RO         3971    .ARM.Collect$$libshutdown$$00000004  c_w.l(libshutdown2.o)
    0x08000222   0x08000222   0x00000000   Code   RO         3973    .ARM.Collect$$libshutdown$$00000006  c_w.l(libshutdown2.o)
    0x08000222   0x08000222   0x00000000   Code   RO         3976    .ARM.Collect$$libshutdown$$00000009  c_w.l(libshutdown2.o)
    0x08000222   0x08000222   0x00000000   Code   RO         3979    .ARM.Collect$$libshutdown$$0000000C  c_w.l(libshutdown2.o)
    0x08000222   0x08000222   0x00000000   Code   RO         3981    .ARM.Collect$$libshutdown$$0000000E  c_w.l(libshutdown2.o)
    0x08000222   0x08000222   0x00000000   Code   RO         3984    .ARM.Collect$$libshutdown$$00000011  c_w.l(libshutdown2.o)
    0x08000222   0x08000222   0x00000002   Code   RO         3985    .ARM.Collect$$libshutdown$$00000012  c_w.l(libshutdown2.o)
    0x08000224   0x08000224   0x00000000   Code   RO         3773    .ARM.Collect$$rtentry$$00000000  c_w.l(__rtentry.o)
    0x08000224   0x08000224   0x00000000   Code   RO         3805    .ARM.Collect$$rtentry$$00000002  c_w.l(__rtentry2.o)
    0x08000224   0x08000224   0x00000006   Code   RO         3817    .ARM.Collect$$rtentry$$00000004  c_w.l(__rtentry4.o)
    0x0800022a   0x0800022a   0x00000000   Code   RO         3807    .ARM.Collect$$rtentry$$00000009  c_w.l(__rtentry2.o)
    0x0800022a   0x0800022a   0x00000004   Code   RO         3808    .ARM.Collect$$rtentry$$0000000A  c_w.l(__rtentry2.o)
    0x0800022e   0x0800022e   0x00000000   Code   RO         3810    .ARM.Collect$$rtentry$$0000000C  c_w.l(__rtentry2.o)
    0x0800022e   0x0800022e   0x00000008   Code   RO         3811    .ARM.Collect$$rtentry$$0000000D  c_w.l(__rtentry2.o)
    0x08000236   0x08000236   0x00000002   Code   RO         3850    .ARM.Collect$$rtexit$$00000000  c_w.l(rtexit.o)
    0x08000238   0x08000238   0x00000000   Code   RO         3914    .ARM.Collect$$rtexit$$00000002  c_w.l(rtexit2.o)
    0x08000238   0x08000238   0x00000004   Code   RO         3915    .ARM.Collect$$rtexit$$00000003  c_w.l(rtexit2.o)
    0x0800023c   0x0800023c   0x00000006   Code   RO         3916    .ARM.Collect$$rtexit$$00000004  c_w.l(rtexit2.o)
    0x08000242   0x08000242   0x00000002   PAD
    0x08000244   0x08000244   0x00000040   Code   RO            4    .text               startup_stm32f407xx.o
    0x08000284   0x08000284   0x000000ee   Code   RO         3698    .text               c_w.l(lludivv7m.o)
    0x08000372   0x08000372   0x00000002   PAD
    0x08000374   0x08000374   0x0000002c   Code   RO         3700    .text               c_w.l(__2sprintf.o)
    0x080003a0   0x080003a0   0x00000068   Code   RO         3704    .text               c_w.l(__printf.o)
    0x08000408   0x08000408   0x00000078   Code   RO         3706    .text               c_w.l(_printf_dec.o)
    0x08000480   0x08000480   0x0000003c   Code   RO         3730    .text               c_w.l(__0sscanf.o)
    0x080004bc   0x080004bc   0x0000014c   Code   RO         3732    .text               c_w.l(_scanf_int.o)
    0x08000608   0x08000608   0x0000000c   Code   RO         3734    .text               c_w.l(strtok.o)
    0x08000614   0x08000614   0x00000024   Code   RO         3737    .text               c_w.l(strstr.o)
    0x08000638   0x08000638   0x00000058   Code   RO         3739    .text               c_w.l(memcmp.o)
    0x08000690   0x08000690   0x0000003e   Code   RO         3741    .text               c_w.l(strlen.o)
    0x080006ce   0x080006ce   0x0000008a   Code   RO         3743    .text               c_w.l(rt_memcpy_v6.o)
    0x08000758   0x08000758   0x0000004e   Code   RO         3747    .text               c_w.l(rt_memclr_w.o)
    0x080007a6   0x080007a6   0x00000006   Code   RO         3749    .text               c_w.l(heapauxi.o)
    0x080007ac   0x080007ac   0x000000b2   Code   RO         3778    .text               c_w.l(_printf_intcommon.o)
    0x0800085e   0x0800085e   0x00000002   PAD
    0x08000860   0x08000860   0x00000030   Code   RO         3780    .text               c_w.l(_printf_char_common.o)
    0x08000890   0x08000890   0x0000000a   Code   RO         3782    .text               c_w.l(_sputc.o)
    0x0800089a   0x0800089a   0x0000001c   Code   RO         3785    .text               c_w.l(_chval.o)
    0x080008b6   0x080008b6   0x00000002   PAD
    0x080008b8   0x080008b8   0x0000002c   Code   RO         3787    .text               c_w.l(scanf_char.o)
    0x080008e4   0x080008e4   0x00000040   Code   RO         3789    .text               c_w.l(_sgetc.o)
    0x08000924   0x08000924   0x00000044   Code   RO         3791    .text               c_w.l(strtok_int.o)
    0x08000968   0x08000968   0x00000064   Code   RO         3793    .text               c_w.l(rt_memcpy_w.o)
    0x080009cc   0x080009cc   0x00000012   Code   RO         3821    .text               c_w.l(isspace.o)
    0x080009de   0x080009de   0x00000002   PAD
    0x080009e0   0x080009e0   0x00000374   Code   RO         3825    .text               c_w.l(_scanf.o)
    0x08000d54   0x08000d54   0x00000020   Code   RO         3827    .text               c_w.l(strcspn.o)
    0x08000d74   0x08000d74   0x0000001c   Code   RO         3829    .text               c_w.l(strspn.o)
    0x08000d90   0x08000d90   0x0000004a   Code   RO         3831    .text               c_w.l(sys_stackheap_outer.o)
    0x08000dda   0x08000dda   0x00000002   PAD
    0x08000ddc   0x08000ddc   0x00000010   Code   RO         3833    .text               c_w.l(rt_ctype_table.o)
    0x08000dec   0x08000dec   0x00000012   Code   RO         3835    .text               c_w.l(exit.o)
    0x08000dfe   0x08000dfe   0x00000002   PAD
    0x08000e00   0x08000e00   0x00000008   Code   RO         3847    .text               c_w.l(libspace.o)
    0x08000e08   0x08000e08   0x00000008   Code   RO         3857    .text               c_w.l(rt_locale_intlibspace.o)
    0x08000e10   0x08000e10   0x0000000c   Code   RO         3911    .text               c_w.l(sys_exit.o)
    0x08000e1c   0x08000e1c   0x00000080   Code   RO         3924    .text               c_w.l(strcmpv7m.o)
    0x08000e9c   0x08000e9c   0x00000002   Code   RO         3932    .text               c_w.l(use_no_semi.o)
    0x08000e9e   0x08000e9e   0x00000000   Code   RO         3934    .text               c_w.l(indicate_semi.o)
    0x08000e9e   0x08000e9e   0x00000002   PAD
    0x08000ea0   0x08000ea0   0x00000128   Code   RO          912    i.ADC_Init          stm32f4xx_hal_adc.o
    0x08000fc8   0x08000fc8   0x00000002   Code   RO          791    i.BusFault_Handler  stm32f4xx_it.o
    0x08000fca   0x08000fca   0x00000002   PAD
    0x08000fcc   0x08000fcc   0x00000018   Code   RO           13    i.Car_Status        mycallbackfunc.o
    0x08000fe4   0x08000fe4   0x00000002   Code   RO          792    i.DebugMon_Handler  stm32f4xx_it.o
    0x08000fe6   0x08000fe6   0x00000012   Code   RO          793    i.EXTI9_5_IRQHandler  stm32f4xx_it.o
    0x08000ff8   0x08000ff8   0x00000004   Code   RO          571    i.Error_Handler     main.o
    0x08000ffc   0x08000ffc   0x0000014c   Code   RO          914    i.HAL_ADC_ConfigChannel  stm32f4xx_hal_adc.o
    0x08001148   0x08001148   0x00000006   Code   RO          921    i.HAL_ADC_GetValue  stm32f4xx_hal_adc.o
    0x0800114e   0x0800114e   0x00000054   Code   RO          923    i.HAL_ADC_Init      stm32f4xx_hal_adc.o
    0x080011a2   0x080011a2   0x00000002   PAD
    0x080011a4   0x080011a4   0x00000060   Code   RO          642    i.HAL_ADC_MspInit   adc.o
    0x08001204   0x08001204   0x000000aa   Code   RO          927    i.HAL_ADC_PollForConversion  stm32f4xx_hal_adc.o
    0x080012ae   0x080012ae   0x00000002   PAD
    0x080012b0   0x080012b0   0x0000010c   Code   RO          931    i.HAL_ADC_Start_IT  stm32f4xx_hal_adc.o
    0x080013bc   0x080013bc   0x00000048   Code   RO          934    i.HAL_ADC_Stop_IT   stm32f4xx_hal_adc.o
    0x08001404   0x08001404   0x000000c0   Code   RO           14    i.HAL_GPIO_EXTI_Callback  mycallbackfunc.o
    0x080014c4   0x080014c4   0x00000018   Code   RO         1541    i.HAL_GPIO_EXTI_IRQHandler  stm32f4xx_hal_gpio.o
    0x080014dc   0x080014dc   0x000001f0   Code   RO         1542    i.HAL_GPIO_Init     stm32f4xx_hal_gpio.o
    0x080016cc   0x080016cc   0x0000000a   Code   RO         1546    i.HAL_GPIO_WritePin  stm32f4xx_hal_gpio.o
    0x080016d6   0x080016d6   0x00000002   PAD
    0x080016d8   0x080016d8   0x0000000c   Code   RO         2080    i.HAL_GetTick       stm32f4xx_hal.o
    0x080016e4   0x080016e4   0x00000010   Code   RO         2086    i.HAL_IncTick       stm32f4xx_hal.o
    0x080016f4   0x080016f4   0x00000034   Code   RO         2087    i.HAL_Init          stm32f4xx_hal.o
    0x08001728   0x08001728   0x00000040   Code   RO         2088    i.HAL_InitTick      stm32f4xx_hal.o
    0x08001768   0x08001768   0x00000040   Code   RO          885    i.HAL_MspInit       stm32f4xx_hal_msp.o
    0x080017a8   0x080017a8   0x00000022   Code   RO         1931    i.HAL_NVIC_DisableIRQ  stm32f4xx_hal_cortex.o
    0x080017ca   0x080017ca   0x0000001a   Code   RO         1932    i.HAL_NVIC_EnableIRQ  stm32f4xx_hal_cortex.o
    0x080017e4   0x080017e4   0x00000040   Code   RO         1938    i.HAL_NVIC_SetPriority  stm32f4xx_hal_cortex.o
    0x08001824   0x08001824   0x00000024   Code   RO         1939    i.HAL_NVIC_SetPriorityGrouping  stm32f4xx_hal_cortex.o
    0x08001848   0x08001848   0x00000134   Code   RO         1188    i.HAL_RCC_ClockConfig  stm32f4xx_hal_rcc.o
    0x0800197c   0x0800197c   0x00000020   Code   RO         1195    i.HAL_RCC_GetPCLK1Freq  stm32f4xx_hal_rcc.o
    0x0800199c   0x0800199c   0x00000020   Code   RO         1196    i.HAL_RCC_GetPCLK2Freq  stm32f4xx_hal_rcc.o
    0x080019bc   0x080019bc   0x00000064   Code   RO         1197    i.HAL_RCC_GetSysClockFreq  stm32f4xx_hal_rcc.o
    0x08001a20   0x08001a20   0x0000036c   Code   RO         1200    i.HAL_RCC_OscConfig  stm32f4xx_hal_rcc.o
    0x08001d8c   0x08001d8c   0x00000028   Code   RO         1943    i.HAL_SYSTICK_Config  stm32f4xx_hal_cortex.o
    0x08001db4   0x08001db4   0x00000002   Code   RO         3031    i.HAL_TIMEx_BreakCallback  stm32f4xx_hal_tim_ex.o
    0x08001db6   0x08001db6   0x00000002   Code   RO         3032    i.HAL_TIMEx_CommutCallback  stm32f4xx_hal_tim_ex.o
    0x08001db8   0x08001db8   0x00000090   Code   RO         3050    i.HAL_TIMEx_MasterConfigSynchronization  stm32f4xx_hal_tim_ex.o
    0x08001e48   0x08001e48   0x0000005a   Code   RO         2327    i.HAL_TIM_Base_Init  stm32f4xx_hal_tim.o
    0x08001ea2   0x08001ea2   0x00000002   PAD
    0x08001ea4   0x08001ea4   0x00000038   Code   RO          684    i.HAL_TIM_Base_MspInit  tim.o
    0x08001edc   0x08001edc   0x00000080   Code   RO         2332    i.HAL_TIM_Base_Start_IT  stm32f4xx_hal_tim.o
    0x08001f5c   0x08001f5c   0x00000030   Code   RO         2335    i.HAL_TIM_Base_Stop_IT  stm32f4xx_hal_tim.o
    0x08001f8c   0x08001f8c   0x000000dc   Code   RO         2336    i.HAL_TIM_ConfigClockSource  stm32f4xx_hal_tim.o
    0x08002068   0x08002068   0x00000002   Code   RO         2361    i.HAL_TIM_IC_CaptureCallback  stm32f4xx_hal_tim.o
    0x0800206a   0x0800206a   0x00000130   Code   RO         2375    i.HAL_TIM_IRQHandler  stm32f4xx_hal_tim.o
    0x0800219a   0x0800219a   0x00000002   Code   RO         2378    i.HAL_TIM_OC_DelayElapsedCallback  stm32f4xx_hal_tim.o
    0x0800219c   0x0800219c   0x00000002   Code   RO         2405    i.HAL_TIM_PWM_PulseFinishedCallback  stm32f4xx_hal_tim.o
    0x0800219e   0x0800219e   0x00000002   PAD
    0x080021a0   0x080021a0   0x00000098   Code   RO           15    i.HAL_TIM_PeriodElapsedCallback  mycallbackfunc.o
    0x08002238   0x08002238   0x00000002   Code   RO         2418    i.HAL_TIM_TriggerCallback  stm32f4xx_hal_tim.o
    0x0800223a   0x0800223a   0x00000064   Code   RO         3328    i.HAL_UART_Init     stm32f4xx_hal_uart.o
    0x0800229e   0x0800229e   0x00000002   PAD
    0x080022a0   0x080022a0   0x00000190   Code   RO          726    i.HAL_UART_MspInit  usart.o
    0x08002430   0x08002430   0x000000b0   Code   RO         3331    i.HAL_UART_Receive  stm32f4xx_hal_uart.o
    0x080024e0   0x080024e0   0x000000a0   Code   RO         3336    i.HAL_UART_Transmit  stm32f4xx_hal_uart.o
    0x08002580   0x08002580   0x00000002   Code   RO          794    i.HardFault_Handler  stm32f4xx_it.o
    0x08002582   0x08002582   0x00000002   PAD
    0x08002584   0x08002584   0x0000006c   Code   RO          202    i.JudgeStr          as608.o
    0x080025f0   0x080025f0   0x00000064   Code   RO          643    i.MX_ADC1_Init      adc.o
    0x08002654   0x08002654   0x000000cc   Code   RO          617    i.MX_GPIO_Init      gpio.o
    0x08002720   0x08002720   0x00000070   Code   RO          685    i.MX_TIM2_Init      tim.o
    0x08002790   0x08002790   0x00000038   Code   RO          727    i.MX_UART5_Init     usart.o
    0x080027c8   0x080027c8   0x00000038   Code   RO          728    i.MX_USART1_UART_Init  usart.o
    0x08002800   0x08002800   0x00000038   Code   RO          729    i.MX_USART2_UART_Init  usart.o
    0x08002838   0x08002838   0x00000038   Code   RO          730    i.MX_USART3_UART_Init  usart.o
    0x08002870   0x08002870   0x00000038   Code   RO          731    i.MX_USART6_UART_Init  usart.o
    0x080028a8   0x080028a8   0x00000014   Code   RO          203    i.MYUSART_SendData  as608.o
    0x080028bc   0x080028bc   0x00000002   Code   RO          795    i.MemManage_Handler  stm32f4xx_it.o
    0x080028be   0x080028be   0x00000002   Code   RO          796    i.NMI_Handler       stm32f4xx_it.o
    0x080028c0   0x080028c0   0x0000003c   Code   RO          206    i.PS_GenChar        as608.o
    0x080028fc   0x080028fc   0x00000034   Code   RO          207    i.PS_GetImage       as608.o
    0x08002930   0x08002930   0x00000084   Code   RO          209    i.PS_HighSpeedSearch  as608.o
    0x080029b4   0x080029b4   0x00000002   Code   RO          797    i.PendSV_Handler    stm32f4xx_it.o
    0x080029b6   0x080029b6   0x00000002   Code   RO          798    i.RCC_IRQHandler    stm32f4xx_it.o
    0x080029b8   0x080029b8   0x00000002   Code   RO          799    i.SVC_Handler       stm32f4xx_it.o
    0x080029ba   0x080029ba   0x00000002   PAD
    0x080029bc   0x080029bc   0x00000078   Code   RO          508    i.SYN_FrameInfo     syn6288.o
    0x08002a34   0x08002a34   0x00000030   Code   RO          220    i.SendAddr          as608.o
    0x08002a64   0x08002a64   0x00000014   Code   RO          221    i.SendCheck         as608.o
    0x08002a78   0x08002a78   0x00000012   Code   RO          222    i.SendHead          as608.o
    0x08002a8a   0x08002a8a   0x00000016   Code   RO          223    i.SendLength        as608.o
    0x08002aa0   0x08002aa0   0x00000004   Code   RO          800    i.SysTick_Handler   stm32f4xx_it.o
    0x08002aa4   0x08002aa4   0x00000094   Code   RO          572    i.SystemClock_Config  main.o
    0x08002b38   0x08002b38   0x00000010   Code   RO         3662    i.SystemInit        system_stm32f4xx.o
    0x08002b48   0x08002b48   0x0000000c   Code   RO          801    i.TIM2_IRQHandler   stm32f4xx_it.o
    0x08002b54   0x08002b54   0x000000d8   Code   RO         2420    i.TIM_Base_SetConfig  stm32f4xx_hal_tim.o
    0x08002c2c   0x08002c2c   0x00000014   Code   RO         2431    i.TIM_ETR_SetConfig  stm32f4xx_hal_tim.o
    0x08002c40   0x08002c40   0x00000010   Code   RO         2432    i.TIM_ITRx_SetConfig  stm32f4xx_hal_tim.o
    0x08002c50   0x08002c50   0x00000022   Code   RO         2438    i.TIM_TI1_ConfigInputStage  stm32f4xx_hal_tim.o
    0x08002c72   0x08002c72   0x00000024   Code   RO         2440    i.TIM_TI2_ConfigInputStage  stm32f4xx_hal_tim.o
    0x08002c96   0x08002c96   0x0000004e   Code   RO         3351    i.UART_EndRxTransfer  stm32f4xx_hal_uart.o
    0x08002ce4   0x08002ce4   0x0000010c   Code   RO         3354    i.UART_SetConfig    stm32f4xx_hal_uart.o
    0x08002df0   0x08002df0   0x00000072   Code   RO         3357    i.UART_WaitOnFlagUntilTimeout  stm32f4xx_hal_uart.o
    0x08002e62   0x08002e62   0x00000002   Code   RO          802    i.UsageFault_Handler  stm32f4xx_it.o
    0x08002e64   0x08002e64   0x00000020   Code   RO         1945    i.__NVIC_SetPriority  stm32f4xx_hal_cortex.o
    0x08002e84   0x08002e84   0x000004a4   Code   RO          573    i.main              main.o
    0x08003328   0x08003328   0x000000fc   Code   RO          226    i.press_FR          as608.o
    0x08003424   0x08003424   0x0000001e   Code   RO           16    i.remove_newline    mycallbackfunc.o
    0x08003442   0x08003442   0x00000002   PAD
    0x08003444   0x08003444   0x0000002c   Code   RO         3860    locale$$code        c_w.l(lc_ctype_c.o)
    0x08003470   0x08003470   0x00000062   Code   RO         3753    x$fpl$d2f           fz_wm.l(d2f.o)
    0x080034d2   0x080034d2   0x00000002   PAD
    0x080034d4   0x080034d4   0x000002b0   Code   RO         3756    x$fpl$ddiv          fz_wm.l(ddiv.o)
    0x08003784   0x08003784   0x0000005a   Code   RO         3759    x$fpl$dfixu         fz_wm.l(dfixu.o)
    0x080037de   0x080037de   0x00000026   Code   RO         3763    x$fpl$dfltu         fz_wm.l(dflt_clz.o)
    0x08003804   0x08003804   0x00000154   Code   RO         3769    x$fpl$dmul          fz_wm.l(dmul.o)
    0x08003958   0x08003958   0x0000009c   Code   RO         3795    x$fpl$dnaninf       fz_wm.l(dnaninf.o)
    0x080039f4   0x080039f4   0x0000000c   Code   RO         3797    x$fpl$dretinf       fz_wm.l(dretinf.o)
    0x08003a00   0x08003a00   0x00000056   Code   RO         3771    x$fpl$f2d           fz_wm.l(f2d.o)
    0x08003a56   0x08003a56   0x0000008c   Code   RO         3799    x$fpl$fnaninf       fz_wm.l(fnaninf.o)
    0x08003ae2   0x08003ae2   0x0000000a   Code   RO         3928    x$fpl$fpinit        fz_wm.l(fpinit.o)
    0x08003aec   0x08003aec   0x0000000a   Code   RO         3801    x$fpl$fretinf       fz_wm.l(fretinf.o)
    0x08003af6   0x08003af6   0x00000000   Code   RO         3803    x$fpl$usenofp       fz_wm.l(usenofp.o)
    0x08003af6   0x08003af6   0x00000010   Data   RO         3663    .constdata          system_stm32f4xx.o
    0x08003b06   0x08003b06   0x00000008   Data   RO         3664    .constdata          system_stm32f4xx.o
    0x08003b0e   0x08003b0e   0x00000002   PAD
    0x08003b10   0x08003b10   0x00000020   Data   RO         3986    Region$$Table       anon$$obj.o
    0x08003b30   0x08003b30   0x00000110   Data   RO         3859    locale$$data        c_w.l(lc_ctype_c.o)


    Execution Region RW_IRAM1 (Exec base: 0x20000000, Load base: 0x08003c40, Size: 0x00000a20, Max: 0x0001c000, ABSOLUTE)

    Exec Addr    Load Addr    Size         Type   Attr      Idx    E Section Name        Object

    0x20000000   0x08003c40   0x00000010   Data   RW           17    .data               mycallbackfunc.o
    0x20000010   0x08003c50   0x00000008   Data   RW          231    .data               as608.o
    0x20000018   0x08003c58   0x00000005   Data   RW          575    .data               main.o
    0x2000001d   0x08003c5d   0x00000003   PAD
    0x20000020   0x08003c60   0x0000000c   Data   RW         2094    .data               stm32f4xx_hal.o
    0x2000002c   0x08003c6c   0x00000004   Data   RW         3665    .data               system_stm32f4xx.o
    0x20000030   0x08003c70   0x00000004   Data   RW         3735    .data               c_w.l(strtok.o)
    0x20000034        -       0x00000190   Zero   RW          228    .bss                as608.o
    0x200001c4        -       0x00000048   Zero   RW          644    .bss                adc.o
    0x2000020c        -       0x00000048   Zero   RW          686    .bss                tim.o
    0x20000254        -       0x00000168   Zero   RW          732    .bss                usart.o
    0x200003bc        -       0x00000060   Zero   RW         3848    .bss                c_w.l(libspace.o)
    0x2000041c   0x08003c74   0x00000004   PAD
    0x20000420        -       0x00000200   Zero   RW            2    HEAP                startup_stm32f407xx.o
    0x20000620        -       0x00000400   Zero   RW            1    STACK               startup_stm32f407xx.o


    Execution Region RW_IRAM2 (Exec base: 0x2001c000, Load base: 0x08003c74, Size: 0x00000000, Max: 0x00004000, ABSOLUTE)

    **** No section assigned to this execution region ****


==============================================================================

Image component sizes


      Code (inc. data)   RO Data    RW Data    ZI Data      Debug   Object Name

       196         26          0          0         72       1713   adc.o
       732        144          0          8        400       7822   as608.o
       204         14          0          0          0       1027   gpio.o
      1340        446          0          5          0       4343   main.o
       398         74          0         16          0     708823   mycallbackfunc.o
        64         26        392          0       1536        848   startup_stm32f407xx.o
       144         24          0         12          0       8793   stm32f4xx_hal.o
      1228         62          0          0          0       5967   stm32f4xx_hal_adc.o
       232         14          0          0          0      34549   stm32f4xx_hal_cortex.o
       530         52          0          0          0       2835   stm32f4xx_hal_gpio.o
        64          4          0          0          0        886   stm32f4xx_hal_msp.o
      1348         76          0          0          0       5256   stm32f4xx_hal_rcc.o
      1120         74          0          0          0      10988   stm32f4xx_hal_tim.o
       148         28          0          0          0       2497   stm32f4xx_hal_tim_ex.o
       896         10          0          0          0       6011   stm32f4xx_hal_uart.o
        52          6          0          0          0       5638   stm32f4xx_it.o
       120          4          0          0          0       1232   syn6288.o
        16          4         24          4          0       1139   system_stm32f4xx.o
       168         12          0          0         72       1722   tim.o
       680         82          0          0        360       4532   usart.o

    ----------------------------------------------------------------------
      9700       1182        450         48       2440     816621   Object Totals
         0          0         32          0          0          0   (incl. Generated)
        20          0          2          3          0          0   (incl. Padding)

    ----------------------------------------------------------------------

      Code (inc. data)   RO Data    RW Data    ZI Data      Debug   Library Member Name

        60          8          0          0          0         84   __0sscanf.o
        44          6          0          0          0         84   __2sprintf.o
         8          0          0          0          0         68   __main.o
       104          0          0          0          0         84   __printf.o
         0          0          0          0          0          0   __rtentry.o
        12          0          0          0          0          0   __rtentry2.o
         6          0          0          0          0          0   __rtentry4.o
        52          8          0          0          0          0   __scatter.o
        26          0          0          0          0          0   __scatter_copy.o
        28          0          0          0          0          0   __scatter_zi.o
        28          0          0          0          0         68   _chval.o
        48          6          0          0          0         96   _printf_char_common.o
         6          0          0          0          0          0   _printf_d.o
       120         16          0          0          0         92   _printf_dec.o
       178          0          0          0          0         88   _printf_intcommon.o
         0          0          0          0          0          0   _printf_percent.o
         4          0          0          0          0          0   _printf_percent_end.o
       884          4          0          0          0        100   _scanf.o
       332          0          0          0          0         96   _scanf_int.o
        64          0          0          0          0         84   _sgetc.o
        10          0          0          0          0         68   _sputc.o
        18          0          0          0          0         80   exit.o
         6          0          0          0          0        152   heapauxi.o
         0          0          0          0          0          0   indicate_semi.o
        18          0          0          0          0         76   isspace.o
        44         10        272          0          0         76   lc_ctype_c.o
         2          0          0          0          0          0   libinit.o
        24          0          0          0          0          0   libinit2.o
         2          0          0          0          0          0   libshutdown.o
         2          0          0          0          0          0   libshutdown2.o
         8          4          0          0         96         68   libspace.o
       238          0          0          0          0        100   lludivv7m.o
        88          0          0          0          0         76   memcmp.o
        16          4          0          0          0         76   rt_ctype_table.o
         8          4          0          0          0         68   rt_locale_intlibspace.o
        78          0          0          0          0         80   rt_memclr_w.o
       138          0          0          0          0         68   rt_memcpy_v6.o
       100          0          0          0          0         80   rt_memcpy_w.o
         2          0          0          0          0          0   rtexit.o
        10          0          0          0          0          0   rtexit2.o
        44          8          0          0          0         84   scanf_char.o
       128          0          0          0          0         68   strcmpv7m.o
        32          0          0          0          0         80   strcspn.o
        62          0          0          0          0         76   strlen.o
        28          0          0          0          0         80   strspn.o
        36          0          0          0          0         80   strstr.o
        12          6          0          4          0         68   strtok.o
        68          4          0          0          0         84   strtok_int.o
        12          4          0          0          0         68   sys_exit.o
        74          0          0          0          0         80   sys_stackheap_outer.o
         2          0          0          0          0         68   use_no_semi.o
        98          4          0          0          0        140   d2f.o
       688        140          0          0          0        256   ddiv.o
        90          4          0          0          0        140   dfixu.o
        38          0          0          0          0        116   dflt_clz.o
       340         12          0          0          0        152   dmul.o
       156          4          0          0          0        140   dnaninf.o
        12          0          0          0          0        116   dretinf.o
        86          4          0          0          0        132   f2d.o
       140          4          0          0          0        132   fnaninf.o
        10          0          0          0          0        116   fpinit.o
        10          0          0          0          0        116   fretinf.o
         0          0          0          0          0          0   usenofp.o

    ----------------------------------------------------------------------
      5002        264        272          4        100       4404   Library Totals
        20          0          0          0          4          0   (incl. Padding)

    ----------------------------------------------------------------------

      Code (inc. data)   RO Data    RW Data    ZI Data      Debug   Library Name

      3314         92        272          4         96       2848   c_w.l
      1668        172          0          0          0       1556   fz_wm.l

    ----------------------------------------------------------------------
      5002        264        272          4        100       4404   Library Totals

    ----------------------------------------------------------------------

==============================================================================


      Code (inc. data)   RO Data    RW Data    ZI Data      Debug   

     14702       1446        722         52       2540     810013   Grand Totals
     14702       1446        722         52       2540     810013   ELF Image Totals
     14702       1446        722         52          0          0   ROM Totals

==============================================================================

    Total RO  Size (Code + RO Data)                15424 (  15.06kB)
    Total RW  Size (RW Data + ZI Data)              2592 (   2.53kB)
    Total ROM Size (Code + RO Data + RW Data)      15476 (  15.11kB)

==============================================================================

